Component: ARM Compiler 5.06 update 7 (build 960) Tool: armlink [4d3601]

==============================================================================

Section Cross References

    system_stm32f1xx.o(i.SystemCoreClockUpdate) refers to system_stm32f1xx.o(.data) for .data
    system_stm32f1xx.o(i.SystemCoreClockUpdate) refers to system_stm32f1xx.o(.constdata) for .constdata
    startup_stm32f103xe.o(RESET) refers to startup_stm32f103xe.o(STACK) for __initial_sp
    startup_stm32f103xe.o(RESET) refers to startup_stm32f103xe.o(.text) for Reset_Handler
    startup_stm32f103xe.o(RESET) refers to stm32f1xx_it.o(i.NMI_Handler) for NMI_Handler
    startup_stm32f103xe.o(RESET) refers to stm32f1xx_it.o(i.HardFault_Handler) for HardFault_Handler
    startup_stm32f103xe.o(RESET) refers to stm32f1xx_it.o(i.MemManage_Handler) for MemManage_Handler
    startup_stm32f103xe.o(RESET) refers to stm32f1xx_it.o(i.BusFault_Handler) for BusFault_Handler
    startup_stm32f103xe.o(RESET) refers to stm32f1xx_it.o(i.UsageFault_Handler) for UsageFault_Handler
    startup_stm32f103xe.o(RESET) refers to port.o(.emb_text) for SVC_Handler
    startup_stm32f103xe.o(RESET) refers to stm32f1xx_it.o(i.DebugMon_Handler) for DebugMon_Handler
    startup_stm32f103xe.o(RESET) refers to stm32f1xx_it.o(i.SysTick_Handler) for SysTick_Handler
    startup_stm32f103xe.o(RESET) refers to stm32f1xx_it.o(i.SPI1_IRQHandler) for SPI1_IRQHandler
    startup_stm32f103xe.o(RESET) refers to stm32f1xx_it.o(i.UART5_IRQHandler) for UART5_IRQHandler
    startup_stm32f103xe.o(RESET) refers to stm32f1xx_it.o(i.TIM6_IRQHandler) for TIM6_IRQHandler
    startup_stm32f103xe.o(RESET) refers to stm32f1xx_it.o(i.DMA2_Channel4_5_IRQHandler) for DMA2_Channel4_5_IRQHandler
    startup_stm32f103xe.o(.text) refers to system_stm32f1xx.o(i.SystemInit) for SystemInit
    startup_stm32f103xe.o(.text) refers to entry.o(.ARM.Collect$$$$00000000) for __main
    queue.o(i.pcQueueGetName) refers to queue.o(.bss) for .bss
    queue.o(i.prvCopyDataFromQueue) refers to memcpya.o(.text) for __aeabi_memcpy
    queue.o(i.prvCopyDataToQueue) refers to memcpya.o(.text) for __aeabi_memcpy
    queue.o(i.prvCopyDataToQueue) refers to tasks.o(i.xTaskPriorityDisinherit) for xTaskPriorityDisinherit
    queue.o(i.prvIsQueueEmpty) refers to port.o(i.vPortEnterCritical) for vPortEnterCritical
    queue.o(i.prvIsQueueEmpty) refers to port.o(i.vPortExitCritical) for vPortExitCritical
    queue.o(i.prvUnlockQueue) refers to port.o(i.vPortEnterCritical) for vPortEnterCritical
    queue.o(i.prvUnlockQueue) refers to tasks.o(i.xTaskRemoveFromEventList) for xTaskRemoveFromEventList
    queue.o(i.prvUnlockQueue) refers to tasks.o(i.vTaskMissedYield) for vTaskMissedYield
    queue.o(i.prvUnlockQueue) refers to port.o(i.vPortExitCritical) for vPortExitCritical
    queue.o(i.uxQueueMessagesWaiting) refers to port.o(i.vPortEnterCritical) for vPortEnterCritical
    queue.o(i.uxQueueMessagesWaiting) refers to port.o(i.vPortExitCritical) for vPortExitCritical
    queue.o(i.uxQueueSpacesAvailable) refers to port.o(i.vPortEnterCritical) for vPortEnterCritical
    queue.o(i.uxQueueSpacesAvailable) refers to port.o(i.vPortExitCritical) for vPortExitCritical
    queue.o(i.vQueueAddToRegistry) refers to queue.o(.bss) for .bss
    queue.o(i.vQueueDelete) refers to queue.o(i.vQueueUnregisterQueue) for vQueueUnregisterQueue
    queue.o(i.vQueueDelete) refers to heap_1.o(i.vPortFree) for vPortFree
    queue.o(i.vQueueUnregisterQueue) refers to queue.o(.bss) for .bss
    queue.o(i.xQueueCreateMutex) refers to queue.o(i.xQueueGenericCreate) for xQueueGenericCreate
    queue.o(i.xQueueCreateMutex) refers to queue.o(i.xQueueGenericSend) for xQueueGenericSend
    queue.o(i.xQueueGenericCreate) refers to heap_1.o(i.pvPortMalloc) for pvPortMalloc
    queue.o(i.xQueueGenericCreate) refers to queue.o(i.xQueueGenericReset) for xQueueGenericReset
    queue.o(i.xQueueGenericReceive) refers to tasks.o(i.xTaskGetSchedulerState) for xTaskGetSchedulerState
    queue.o(i.xQueueGenericReceive) refers to port.o(i.vPortEnterCritical) for vPortEnterCritical
    queue.o(i.xQueueGenericReceive) refers to queue.o(i.prvCopyDataFromQueue) for prvCopyDataFromQueue
    queue.o(i.xQueueGenericReceive) refers to tasks.o(i.xTaskRemoveFromEventList) for xTaskRemoveFromEventList
    queue.o(i.xQueueGenericReceive) refers to port.o(i.vPortExitCritical) for vPortExitCritical
    queue.o(i.xQueueGenericReceive) refers to tasks.o(i.pvTaskIncrementMutexHeldCount) for pvTaskIncrementMutexHeldCount
    queue.o(i.xQueueGenericReceive) refers to tasks.o(i.vTaskSetTimeOutState) for vTaskSetTimeOutState
    queue.o(i.xQueueGenericReceive) refers to tasks.o(i.vTaskSuspendAll) for vTaskSuspendAll
    queue.o(i.xQueueGenericReceive) refers to tasks.o(i.xTaskCheckForTimeOut) for xTaskCheckForTimeOut
    queue.o(i.xQueueGenericReceive) refers to queue.o(i.prvUnlockQueue) for prvUnlockQueue
[...]
    .data                                    0x20000930   Section        4  myvendotek.o(.data)
    .data                                    0x20000938   Section      545  myvendotek.o(.data)
    OperationTimeout                         0x20000948   Data           4  myvendotek.o(.data)
    WaitAnswerTimerCounter                   0x2000094c   Data           4  myvendotek.o(.data)
    DelayParsingTimer                        0x20000b58   Data           1  myvendotek.o(.data)
    .data                                    0x20000b5c   Section       12  stm32f1xx_hal.o(.data)
    .data                                    0x20000b68   Section        4  mvars.o(.data)
    .data                                    0x20000b6c   Section        4  mvars.o(.data)
    .bss                                     0x20000b70   Section      240  tasks.o(.bss)
    pxReadyTasksLists                        0x20000b70   Data         140  tasks.o(.bss)
    xDelayedTaskList1                        0x20000bfc   Data          20  tasks.o(.bss)
    xDelayedTaskList2                        0x20000c10   Data          20  tasks.o(.bss)
    xPendingReadyList                        0x20000c24   Data          20  tasks.o(.bss)
    xTasksWaitingTermination                 0x20000c38   Data          20  tasks.o(.bss)
    xSuspendedTaskList                       0x20000c4c   Data          20  tasks.o(.bss)
    .bss                                     0x20000c60   Section     5120  heap_1.o(.bss)
    ucHeap                                   0x20000c60   Data        5120  heap_1.o(.bss)
    .bss                                     0x20002060   Section       64  stm32f1xx_hal_timebase_tim.o(.bss)
    .bss                                     0x200020a0   Section     3052  main.o(.bss)
    .bss                                     0x20002c8c   Section       50  main.o(.bss)
    .bss                                     0x20002cbe   Section      300  main.o(.bss)
    .bss                                     0x20002dec   Section       24  main.o(.bss)
    .bss                                     0x20002e04   Section       36  mymainfcs.o(.bss)
    .bss                                     0x20002e28   Section       32  stm32f1xx_hal_flash.o(.bss)
    HEAP                                     0x20002e48   Section      768  startup_stm32f103xe.o(HEAP)
    STACK                                    0x20003148   Section     1280  startup_stm32f103xe.o(STACK)

    Global Symbols

    Symbol Name                              Value     Ov Type        Size  Object(Section)

    BuildAttributes$$THM_ISAv4$P$D$K$B$S$PE$A:L22UL41UL21$X:L11$S22US41US21$IEEE1$IW$USESV6$~STKCKD$USESV7$~SHL$OTIME$ROPI$EBA8$MICROLIB$REQ8$PRES8$EABIv2 0x00000000   Number         0  anon$$obj.o ABSOLUTE
    __ARM_use_no_argv                        0x00000000   Number         0  main.o ABSOLUTE
    _printf_a                                0x00000000   Number         0  stubs.o ABSOLUTE
    _printf_c                                0x00000000   Number         0  stubs.o ABSOLUTE
    _printf_charcount                        0x00000000   Number         0  stubs.o ABSOLUTE
    _printf_d                                0x00000000   Number         0  stubs.o ABSOLUTE
    _printf_e                                0x00000000   Number         0  stubs.o ABSOLUTE
    _printf_f                                0x00000000   Number         0  stubs.o ABSOLUTE
    _printf_flags                            0x00000000   Number         0  stubs.o ABSOLUTE
    _printf_fp_dec                           0x00000000   Number         0  stubs.o ABSOLUTE
    _printf_fp_hex                           0x00000000   Number         0  stubs.o ABSOLUTE
    _printf_g                                0x00000000   Number         0  stubs.o ABSOLUTE
    _printf_i                                0x00000000   Number         0  stubs.o ABSOLUTE
    _printf_int_dec                          0x00000000   Number         0  stubs.o ABSOLUTE
    _printf_l                                0x00000000   Number         0  stubs.o ABSOLUTE
    _printf_lc                               0x00000000   Number         0  stubs.o ABSOLUTE
    _printf_ll                               0x00000000   Number         0  stubs.o ABSOLUTE
    _printf_lld                              0x00000000   Number         0  stubs.o ABSOLUTE
    _printf_lli                              0x00000000   Number         0  stubs.o ABSOLUTE
    _printf_llo                              0x00000000   Number         0  stubs.o ABSOLUTE
    _printf_llu                              0x00000000   Number         0  stubs.o ABSOLUTE
    _printf_llx                              0x00000000   Number         0  stubs.o ABSOLUTE
    _printf_longlong_dec                     0x00000000   Number         0  stubs.o ABSOLUTE
    _printf_longlong_hex                     0x00000000   Number         0  stubs.o ABSOLUTE
    _printf_longlong_oct                     0x00000000   Number         0  stubs.o ABSOLUTE
    _printf_ls                               0x00000000   Number         0  stubs.o ABSOLUTE
    _printf_mbtowc                           0x00000000   Number         0  stubs.o ABSOLUTE
    _printf_n                                0x00000000   Number         0  stubs.o ABSOLUTE
    _printf_o                                0x00000000   Number         0  stubs.o ABSOLUTE
    _printf_p                                0x00000000   Number         0  stubs.o ABSOLUTE
    _printf_percent                          0x00000000   Number         0  stubs.o ABSOLUTE
    _printf_pre_padding                      0x00000000   Number         0  stubs.o ABSOLUTE
    _printf_return_value                     0x00000000   Number         0  stubs.o ABSOLUTE
    _printf_s                                0x00000000   Number         0  stubs.o ABSOLUTE
    _printf_sizespec                         0x00000000   Number         0  stubs.o ABSOLUTE
    _printf_str                              0x00000000   Number         0  stubs.o ABSOLUTE
    _printf_truncate_signed                  0x00000000   Number         0  stubs.o ABSOLUTE
    _printf_truncate_unsigned                0x00000000   Number         0  stubs.o ABSOLUTE
    _printf_u                                0x00000000   Number         0  stubs.o ABSOLUTE
    _printf_wc                               0x00000000   Number         0  stubs.o ABSOLUTE
    _printf_wctomb                           0x00000000   Number         0  stubs.o ABSOLUTE
    _printf_widthprec                        0x00000000   Number         0  stubs.o ABSOLUTE
    _printf_x                                0x00000000   Number         0  stubs.o ABSOLUTE
    __arm_fini_                               - Undefined Weak Reference
    __cpp_initialize__aeabi_                  - Undefined Weak Reference
    __cxa_finalize                            - Undefined Weak Reference
    _clock_init                               - Undefined Weak Reference
    _microlib_exit                            - Undefined Weak Reference
    __Vectors_Size                           0x00000130   Number         0  startup_stm32f103xe.o ABSOLUTE
    __Vectors                                0x08000000   Data           4  startup_stm32f103xe.o(RESET)
    __Vectors_End                            0x08000130   Data           0  startup_stm32f103xe.o(RESET)
    __main                                   0x08000131   Thumb Code     0  entry.o(.ARM.Collect$$$$00000000)
    _main_stk                                0x08000131   Thumb Code     0  entry2.o(.ARM.Collect$$$$00000001)
    _main_scatterload                        0x08000135   Thumb Code     0  entry5.o(.ARM.Collect$$$$00000004)
    __main_after_scatterload                 0x08000139   Thumb Code     0  entry5.o(.ARM.Collect$$$$00000004)
    _main_clock                              0x08000139   Thumb Code     0  entry7b.o(.ARM.Collect$$$$00000008)
    _main_cpp_init                           0x08000139   Thumb Code     0  entry8b.o(.ARM.Collect$$$$0000000A)
    _main_init                               0x08000139   Thumb Code     0  entry9a.o(.ARM.Collect$$$$0000000B)
    __rt_lib_shutdown_fini                   0x08000141   Thumb Code     0  entry12b.o(.ARM.Collect$$$$0000000E)
    __rt_final_cpp                           0x08000145   Thumb Code     0  entry10a.o(.ARM.Collect$$$$0000000F)
    __rt_final_exit                          0x08000145   Thumb Code     0  entry11a.o(.ARM.Collect$$$$00000011)
    SVC_Handler                              0x08000149   Thumb Code    32  port.o(.emb_text)
    __asm___6_port_c_39a90d8d__prvStartFirstTask 0x0800016d   Thumb Code    28  port.o(.emb_text)
    PendSV_Handler                           0x0800018d   Thumb Code    72  port.o(.emb_text)
    vPortGetIPSR                             0x080001d9   Thumb Code     6  port.o(.emb_text)
    Reset_Handler                            0x080001e1   Thumb Code     8  startup_stm32f103xe.o(.text)
    ADC1_2_IRQHandler                        0x080001fb   Thumb Code     0  startup_stm32f103xe.o(.text)
    ADC3_IRQHandler                          0x080001fb   Thumb Code     0  startup_stm32f103xe.o(.text)
    CAN1_RX1_IRQHandler                      0x080001fb   Thumb Code     0  startup_stm32f103xe.o(.text)
    CAN1_SCE_IRQHandler                      0x080001fb   Thumb Code     0  startup_stm32f103xe.o(.text)
    DMA1_Channel1_IRQHandler                 0x080001fb   Thumb Code     0  startup_stm32f103xe.o(.text)
    DMA1_Channel2_IRQHandler                 0x080001fb   Thumb Code     0  startup_stm32f103xe.o(.text)
    DMA1_Channel3_IRQHandler                 0x080001fb   Thumb Code     0  startup_stm32f103xe.o(.text)
    DMA1_Channel4_IRQHandler                 0x080001fb   Thumb Code     0  startup_stm32f103xe.o(.text)
    DMA1_Channel5_IRQHandler                 0x080001fb   Thumb Code     0  startup_stm32f103xe.o(.text)
    DMA1_Channel6_IRQHandler                 0x080001fb   Thumb Code     0  startup_stm32f103xe.o(.text)
    DMA1_Channel7_IRQHandler                 0x080001fb   Thumb Code     0  startup_stm32f103xe.o(.text)
    DMA2_Channel1_IRQHandler                 0x080001fb   Thumb Code     0  startup_stm32f103xe.o(.text)
    DMA2_Channel2_IRQHandler                 0x080001fb   Thumb Code     0  startup_stm32f103xe.o(.text)
    DMA2_Channel3_IRQHandler                 0x080001fb   Thumb Code     0  startup_stm32f103xe.o(.text)
    EXTI0_IRQHandler                         0x080001fb   Thumb Code     0  startup_stm32f103xe.o(.text)
    EXTI15_10_IRQHandler                     0x080001fb   Thumb Code     0  startup_stm32f103xe.o(.text)
    EXTI1_IRQHandler                         0x080001fb   Thumb Code     0  startup_stm32f103xe.o(.text)
    EXTI2_IRQHandler                         0x080001fb   Thumb Code     0  startup_stm32f103xe.o(.text)
    EXTI3_IRQHandler                         0x080001fb   Thumb Code     0  startup_stm32f103xe.o(.text)
    EXTI4_IRQHandler                         0x080001fb   Thumb Code     0  startup_stm32f103xe.o(.text)
    EXTI9_5_IRQHandler                       0x080001fb   Thumb Code     0  startup_stm32f103xe.o(.text)
    FLASH_IRQHandler                         0x080001fb   Thumb Code     0  startup_stm32f103xe.o(.text)
    FSMC_IRQHandler                          0x080001fb   Thumb Code     0  startup_stm32f103xe.o(.text)
    I2C1_ER_IRQHandler                       0x080001fb   Thumb Code     0  startup_stm32f103xe.o(.text)
    I2C1_EV_IRQHandler                       0x080001fb   Thumb Code     0  startup_stm32f103xe.o(.text)
    I2C2_ER_IRQHandler                       0x080001fb   Thumb Code     0  startup_stm32f103xe.o(.text)
    I2C2_EV_IRQHandler                       0x080001fb   Thumb Code     0  startup_stm32f103xe.o(.text)
    PVD_IRQHandler                           0x080001fb   Thumb Code     0  startup_stm32f103xe.o(.text)
    RCC_IRQHandler                           0x080001fb   Thumb Code     0  startup_stm32f103xe.o(.text)
    RTC_Alarm_IRQHandler                     0x080001fb   Thumb Code     0  startup_stm32f103xe.o(.text)
    RTC_IRQHandler                           0x080001fb   Thumb Code     0  startup_stm32f103xe.o(.text)
    SDIO_IRQHandler                          0x080001fb   Thumb Code     0  startup_stm32f103xe.o(.text)
    SPI2_IRQHandler                          0x080001fb   Thumb Code     0  startup_stm32f103xe.o(.text)
    SPI3_IRQHandler                          0x080001fb   Thumb Code     0  startup_stm32f103xe.o(.text)
    TAMPER_IRQHandler                        0x080001fb   Thumb Code     0  startup_stm32f103xe.o(.text)
    TIM1_BRK_IRQHandler                      0x080001fb   Thumb Code     0  startup_stm32f103xe.o(.text)
    TIM1_CC_IRQHandler                       0x080001fb   Thumb Code     0  startup_stm32f103xe.o(.text)
    TIM1_TRG_COM_IRQHandler                  0x080001fb   Thumb Code     0  startup_stm32f103xe.o(.text)
    TIM1_UP_IRQHandler                       0x080001fb   Thumb Code     0  startup_stm32f103xe.o(.text)
    TIM2_IRQHandler                          0x080001fb   Thumb Code     0  startup_stm32f103xe.o(.text)
    TIM3_IRQHandler                          0x080001fb   Thumb Code     0  startup_stm32f103xe.o(.text)
    TIM4_IRQHandler                          0x080001fb   Thumb Code     0  startup_stm32f103xe.o(.text)
    TIM5_IRQHandler                          0x080001fb   Thumb Code     0  startup_stm32f103xe.o(.text)
    TIM7_IRQHandler                          0x080001fb   Thumb Code     0  startup_stm32f103xe.o(.text)
    TIM8_BRK_IRQHandler                      0x080001fb   Thumb Code     0  startup_stm32f103xe.o(.text)
    TIM8_CC_IRQHandler                       0x080001fb   Thumb Code     0  startup_stm32f103xe.o(.text)
    TIM8_TRG_COM_IRQHandler                  0x080001fb   Thumb Code     0  startup_stm32f103xe.o(.text)
    TIM8_UP_IRQHandler                       0x080001fb   Thumb Code     0  startup_stm32f103xe.o(.text)
    UART4_IRQHandler                         0x080001fb   Thumb Code     0  startup_stm32f103xe.o(.text)
    USART1_IRQHandler                        0x080001fb   Thumb Code     0  startup_stm32f103xe.o(.text)
    USART2_IRQHandler                        0x080001fb   Thumb Code     0  startup_stm32f103xe.o(.text)
    USART3_IRQHandler                        0x080001fb   Thumb Code     0  startup_stm32f103xe.o(.text)
    USBWakeUp_IRQHandler                     0x080001fb   Thumb Code     0  startup_stm32f103xe.o(.text)
    USB_HP_CAN1_TX_IRQHandler                0x080001fb   Thumb Code     0  startup_stm32f103xe.o(.text)
    USB_LP_CAN1_RX0_IRQHandler               0x080001fb   Thumb Code     0  startup_stm32f103xe.o(.text)
    WWDG_IRQHandler                          0x080001fb   Thumb Code     0  startup_stm32f103xe.o(.text)
    __aeabi_uldivmod                         0x08000205   Thumb Code    98  uldiv.o(.text)
    __aeabi_llsr                             0x08000267   Thumb Code    32  llushr.o(.text)
    _ll_ushift_r                             0x08000267   Thumb Code     0  llushr.o(.text)
    __aeabi_memcpy                           0x08000287   Thumb Code    36  memcpya.o(.text)
    __aeabi_memcpy4                          0x08000287   Thumb Code     0  memcpya.o(.text)
    __aeabi_memcpy8                          0x08000287   Thumb Code     0  memcpya.o(.text)
    __aeabi_dmul                             0x080002ab   Thumb Code   228  dmul.o(.text)
    __aeabi_ui2d                             0x0800038f   Thumb Code    26  dfltui.o(.text)
    __aeabi_cdrcmple                         0x080003a9   Thumb Code    48  cdrcmple.o(.text)
    __aeabi_llsl                             0x080003d9   Thumb Code    30  llshl.o(.text)
    _ll_shift_l                              0x080003d9   Thumb Code     0  llshl.o(.text)
    __I$use$fp                               0x080003f7   Thumb Code     0  iusefp.o(.text)
    _double_round                            0x080003f7   Thumb Code    30  depilogue.o(.text)
    _double_epilogue                         0x08000415   Thumb Code   156  depilogue.o(.text)
    __scatterload                            0x080004b1   Thumb Code    28  init.o(.text)
    __scatterload_rt2                        0x080004b1   Thumb Code     0  init.o(.text)
    __decompress                             0x080004d5   Thumb Code     0  __dclz77c.o(.text)
    __decompress2                            0x080004d5   Thumb Code    94  __dclz77c.o(.text)
    ArrCmp                                   0x08000533   Thumb Code    40  myvendotek.o(i.ArrCmp)
    BusFault_Handler                         0x0800055b   Thumb Code     2  stm32f1xx_it.o(i.BusFault_Handler)
    ButtonControl                            0x0800055d   Thumb Code    76  mymainfcs.o(i.ButtonControl)
    ButtonLedControl                         0x080005a9   Thumb Code   260  mymainfcs.o(i.ButtonLedControl)
    ButtonsHandler                           0x080006bd   Thumb Code   484  mymainfcs.o(i.ButtonsHandler)
    CardPersonalization                      0x08000901   Thumb Code  1296  rc522.o(i.CardPersonalization)
    CardsMenuImplementation                  0x08000e29   Thumb Code   678  mymainfcs.o(i.CardsMenuImplementation)
    CashlessPayment                          0x08001121   Thumb Code   218  myvendotek.o(i.CashlessPayment)
    ClearUpHalfMatrix                        0x08001209   Thumb Code    18  mymatrix.o(i.ClearUpHalfMatrix)
    ClientButtonsControl                     0x0800121d   Thumb Code  2368  mymainfcs.o(i.ClientButtonsControl)
    ClientModeMenuImplementation             0x08001b7d   Thumb Code   706  mymainfcs.o(i.ClientModeMenuImplementation)
    ConvertDigitToAscii                      0x08001e95   Thumb Code    14  myvendotek.o(i.ConvertDigitToAscii)
    ConvertHRFtimeToUnixTime                 0x08001ea5   Thumb Code   148  myrtc.o(i.ConvertHRFtimeToUnixTime)
    CreatePacket                             0x08001f3d   Thumb Code   192  myvendotek.o(i.CreatePacket)
    CreateTag_AmountInMinorCurrency          0x08001ffd   Thumb Code   240  myvendotek.o(i.CreateTag_AmountInMinorCurrency)
    CreateTag_EventName                      0x080020f5   Thumb Code    72  myvendotek.o(i.CreateTag_EventName)
    CreateTag_EventNumber                    0x0800213d   Thumb Code   152  myvendotek.o(i.CreateTag_EventNumber)
    CreateTag_MessegeName                    0x080021d9   Thumb Code    90  myvendotek.o(i.CreateTag_MessegeName)
    CreateTag_OperatiionNumber               0x08002235   Thumb Code   152  myvendotek.o(i.CreateTag_OperatiionNumber)
    CreateTag_ProductID                      0x080022d1   Thumb Code    68  myvendotek.o(i.CreateTag_ProductID)
    DMA2_Channel4_5_IRQHandler               0x08002315   Thumb Code    38  stm32f1xx_it.o(i.DMA2_Channel4_5_IRQHandler)
    DOControlFc                              0x0800234d   Thumb Code    94  mymainfcs.o(i.DOControlFc)
    DebugMon_Handler                         0x080023ab   Thumb Code     2  stm32f1xx_it.o(i.DebugMon_Handler)
    EnableDisableParamEdit                   0x08002411   Thumb Code   220  mymainfcs.o(i.EnableDisableParamEdit)
    FLASH_Read                               0x08002531   Thumb Code     4  mymainfcs.o(i.FLASH_Read)
    FLASH_WaitForLastOperation               0x08002591   Thumb Code    80  stm32f1xx_hal_flash.o(i.FLASH_WaitForLastOperation)
    GetCheck                                 0x080025e5   Thumb Code    38  myvendotek.o(i.GetCheck)
    GetMoneyFromCard                         0x08002619   Thumb Code   630  rc522.o(i.GetMoneyFromCard)
    GetUnixTime                              0x0800298d   Thumb Code    38  myrtc.o(i.GetUnixTime)
    Get_crc_ring_buf                         0x080029b9   Thumb Code    50  myvendotek.o(i.Get_crc_ring_buf)
    HAL_FLASH_Lock                           0x080029f1   Thumb Code    14  stm32f1xx_hal_flash.o(i.HAL_FLASH_Lock)
    HAL_FLASH_Program                        0x08002a05   Thumb Code   120  stm32f1xx_hal_flash.o(i.HAL_FLASH_Program)
    HAL_FLASH_Unlock                         0x08002a85   Thumb Code    28  stm32f1xx_hal_flash.o(i.HAL_FLASH_Unlock)
    HAL_GPIO_Init                            0x08002aad   Thumb Code   446  stm32f1xx_hal_gpio.o(i.HAL_GPIO_Init)
    HAL_GPIO_ReadPin                         0x08002c95   Thumb Code    10  stm32f1xx_hal_gpio.o(i.HAL_GPIO_ReadPin)
    HAL_GPIO_TogglePin                       0x08002c9f   Thumb Code     8  stm32f1xx_hal_gpio.o(i.HAL_GPIO_TogglePin)
    HAL_GPIO_WritePin                        0x08002ca7   Thumb Code    10  stm32f1xx_hal_gpio.o(i.HAL_GPIO_WritePin)
    HAL_GetTick                              0x08002cb1   Thumb Code     6  stm32f1xx_hal.o(i.HAL_GetTick)
    HAL_IncTick                              0x08002cbd   Thumb Code    12  stm32f1xx_hal.o(i.HAL_IncTick)
    HAL_Init                                 0x08002ccd   Thumb Code    32  stm32f1xx_hal.o(i.HAL_Init)
    HAL_InitTick                             0x08002cf1   Thumb Code   100  stm32f1xx_hal_timebase_tim.o(i.HAL_InitTick)
    HAL_MspInit                              0x08002d65   Thumb Code   118  stm32f1xx_hal_msp.o(i.HAL_MspInit)
    HAL_NVIC_EnableIRQ                       0x08002de5   Thumb Code    22  stm32f1xx_hal_cortex.o(i.HAL_NVIC_EnableIRQ)
    HAL_NVIC_SetPriority                     0x08002dfd   Thumb Code    60  stm32f1xx_hal_cortex.o(i.HAL_NVIC_SetPriority)
    HAL_NVIC_SetPriorityGrouping             0x08002e3d   Thumb Code    26  stm32f1xx_hal_cortex.o(i.HAL_NVIC_SetPriorityGrouping)
    HAL_PWR_EnableBkUpAccess                 0x08002e61   Thumb Code     8  stm32f1xx_hal_pwr.o(i.HAL_PWR_EnableBkUpAccess)
    HAL_RCCEx_GetPeriphCLKFreq               0x08002e6d   Thumb Code   178  stm32f1xx_hal_rcc_ex.o(i.HAL_RCCEx_GetPeriphCLKFreq)
    HAL_RCCEx_PeriphCLKConfig                0x08002f45   Thumb Code   224  stm32f1xx_hal_rcc_ex.o(i.HAL_RCCEx_PeriphCLKConfig)
    HAL_RCC_ClockConfig                      0x08003031   Thumb Code   322  stm32f1xx_hal_rcc.o(i.HAL_RCC_ClockConfig)
    HAL_RCC_GetClockConfig                   0x08003185   Thumb Code    54  stm32f1xx_hal_rcc.o(i.HAL_RCC_GetClockConfig)
    HAL_RCC_GetHCLKFreq                      0x080031c5   Thumb Code     6  stm32f1xx_hal_rcc.o(i.HAL_RCC_GetHCLKFreq)
    HAL_RCC_GetPCLK1Freq                     0x080031d1   Thumb Code    20  stm32f1xx_hal_rcc.o(i.HAL_RCC_GetPCLK1Freq)
    HAL_RCC_GetPCLK2Freq                     0x080031f1   Thumb Code    20  stm32f1xx_hal_rcc.o(i.HAL_RCC_GetPCLK2Freq)
    HAL_RCC_GetSysClockFreq                  0x08003211   Thumb Code    80  stm32f1xx_hal_rcc.o(i.HAL_RCC_GetSysClockFreq)
    HAL_RCC_OscConfig                        0x08003285   Thumb Code   750  stm32f1xx_hal_rcc.o(i.HAL_RCC_OscConfig)
    HAL_RTC_Init                             0x08003589   Thumb Code   154  stm32f1xx_hal_rtc.o(i.HAL_RTC_Init)
    HAL_RTC_MspInit                          0x08003629   Thumb Code    40  stm32f1xx_hal_msp.o(i.HAL_RTC_MspInit)
    HAL_RTC_WaitForSynchro                   0x0800365d   Thumb Code    58  stm32f1xx_hal_rtc.o(i.HAL_RTC_WaitForSynchro)
    HAL_SPI_Init                             0x08003697   Thumb Code   130  stm32f1xx_hal_spi_ex.o(i.HAL_SPI_Init)
    HAL_SPI_MspInit                          0x08003719   Thumb Code    80  stm32f1xx_hal_msp.o(i.HAL_SPI_MspInit)
    HAL_SPI_TransmitReceive                  0x08003775   Thumb Code   472  stm32f1xx_hal_spi.o(i.HAL_SPI_TransmitReceive)
    HAL_SYSTICK_CLKSourceConfig              0x0800394d   Thumb Code    24  stm32f1xx_hal_cortex.o(i.HAL_SYSTICK_CLKSourceConfig)
    HAL_SYSTICK_Config                       0x08003965   Thumb Code    40  stm32f1xx_hal_cortex.o(i.HAL_SYSTICK_Config)
    HAL_TIMEx_BreakCallback                  0x0800398d   Thumb Code     2  stm32f1xx_hal_tim_ex.o(i.HAL_TIMEx_BreakCallback)
    HAL_TIMEx_CommutationCallback            0x0800398f   Thumb Code     2  stm32f1xx_hal_tim_ex.o(i.HAL_TIMEx_CommutationCallback)
    HAL_TIM_Base_Init                        0x08003991   Thumb Code    54  stm32f1xx_hal_tim.o(i.HAL_TIM_Base_Init)
    HAL_TIM_Base_MspInit                     0x080039c7   Thumb Code     2  stm32f1xx_hal_tim.o(i.HAL_TIM_Base_MspInit)
    HAL_TIM_Base_Start_IT                    0x080039c9   Thumb Code    24  stm32f1xx_hal_tim.o(i.HAL_TIM_Base_Start_IT)
    HAL_TIM_IC_CaptureCallback               0x080039e1   Thumb Code     2  stm32f1xx_hal_tim.o(i.HAL_TIM_IC_CaptureCallback)
    HAL_TIM_IRQHandler                       0x080039e3   Thumb Code   358  stm32f1xx_hal_tim.o(i.HAL_TIM_IRQHandler)
    HAL_TIM_OC_DelayElapsedCallback          0x08003b49   Thumb Code     2  stm32f1xx_hal_tim.o(i.HAL_TIM_OC_DelayElapsedCallback)
    HAL_TIM_PWM_PulseFinishedCallback        0x08003b4b   Thumb Code     2  stm32f1xx_hal_tim.o(i.HAL_TIM_PWM_PulseFinishedCallback)
    HAL_TIM_PeriodElapsedCallback            0x08003b4d   Thumb Code    14  main.o(i.HAL_TIM_PeriodElapsedCallback)
    HAL_TIM_TriggerCallback                  0x08003b61   Thumb Code     2  stm32f1xx_hal_tim.o(i.HAL_TIM_TriggerCallback)
    HAL_UART_Init                            0x08003b63   Thumb Code    98  stm32f1xx_hal_uart.o(i.HAL_UART_Init)
    HAL_UART_MspInit                         0x08003bc5   Thumb Code   212  stm32f1xx_hal_msp.o(i.HAL_UART_MspInit)
    HalfbyteToHexascii                       0x08003cb9   Thumb Code    16  mycommon_fcs.o(i.HalfbyteToHexascii)
    HardFault_Handler                        0x08003cc9   Thumb Code     2  stm32f1xx_it.o(i.HardFault_Handler)
    Hex32ToDecASCII                          0x08003ccd   Thumb Code   278  mycommon_fcs.o(i.Hex32ToDecASCII)
    HiddenNumericParamEdit                   0x08003e25   Thumb Code   192  mymainfcs.o(i.HiddenNumericParamEdit)
    InscriptionAir                           0x08003ef5   Thumb Code   212  mymatrix.o(i.InscriptionAir)
    InscriptionAttachABankCard               0x08003fe9   Thumb Code   604  mymatrix.o(i.InscriptionAttachABankCard)
    InscriptionDop                           0x080042d5   Thumb Code   162  mymatrix.o(i.InscriptionDop)
    InscriptionFoam                          0x08004389   Thumb Code   220  mymatrix.o(i.InscriptionFoam)
    InscriptionOsmos                         0x0800447d   Thumb Code   220  mymatrix.o(i.InscriptionOsmos)
    InscriptionPause                         0x0800456d   Thumb Code  2188  mymatrix.o(i.InscriptionPause)
    InscriptionSelectMode                    0x08004ecd   Thumb Code   332  mymatrix.o(i.InscriptionSelectMode)
    InscriptionSelectModeOrMakePayment       0x08005055   Thumb Code   600  mymatrix.o(i.InscriptionSelectModeOrMakePayment)
    InscriptionSelectTheAmountAndClickOk     0x0800532d   Thumb Code   508  mymatrix.o(i.InscriptionSelectTheAmountAndClickOk)
    InscriptionVacuumCliner                  0x08005589   Thumb Code   224  mymatrix.o(i.InscriptionVacuumCliner)
    InscriptionWater                         0x0800567d   Thumb Code   224  mymatrix.o(i.InscriptionWater)
    InscriptionWax                           0x08005779   Thumb Code   216  mymatrix.o(i.InscriptionWax)
    MFRC522_AntennaOn                        0x08005861   Thumb Code    26  rc522.o(i.MFRC522_AntennaOn)
    MFRC522_Anticoll                         0x0800587b   Thumb Code    66  rc522.o(i.MFRC522_Anticoll)
    MFRC522_Auth                             0x080058bd   Thumb Code    82  rc522.o(i.MFRC522_Auth)
    MFRC522_CalculateCRC                     0x0800590f   Thumb Code    94  rc522.o(i.MFRC522_CalculateCRC)
    MFRC522_ClearBitMask                     0x0800596d   Thumb Code    24  rc522.o(i.MFRC522_ClearBitMask)
    MFRC522_Halt                             0x08005985   Thumb Code    44  rc522.o(i.MFRC522_Halt)
    MFRC522_Init                             0x080059b1   Thumb Code    70  rc522.o(i.MFRC522_Init)
    MFRC522_Read                             0x080059f7   Thumb Code    50  rc522.o(i.MFRC522_Read)
    MFRC522_ReadRegister                     0x08005a29   Thumb Code    14  rc522.o(i.MFRC522_ReadRegister)
    MFRC522_Request                          0x08005a37   Thumb Code    46  rc522.o(i.MFRC522_Request)
    MFRC522_Reset                            0x08005a65   Thumb Code     8  rc522.o(i.MFRC522_Reset)
    MFRC522_SelectTag                        0x08005a6d   Thumb Code    82  rc522.o(i.MFRC522_SelectTag)
    MFRC522_SetBitMask                       0x08005abf   Thumb Code    24  rc522.o(i.MFRC522_SetBitMask)
    MFRC522_ToCard                           0x08005ad7   Thumb Code   276  rc522.o(i.MFRC522_ToCard)
    MFRC522_Write                            0x08005beb   Thumb Code   132  rc522.o(i.MFRC522_Write)
    MFRC522_WriteRegister                    0x08005c6f   Thumb Code    10  rc522.o(i.MFRC522_WriteRegister)
    MT_WH1602_Delay                          0x08005c79   Thumb Code    36  mywh1602.o(i.MT_WH1602_Delay)
    MatrixSPI_Init                           0x08005e61   Thumb Code    74  myspi.o(i.MatrixSPI_Init)
    MemManage_Handler                        0x08005ec5   Thumb Code     2  stm32f1xx_it.o(i.MemManage_Handler)
    Menu                                     0x08005ec9   Thumb Code   728  mymainfcs.o(i.Menu)
    Money                                    0x0800635d   Thumb Code   994  mymatrix.o(i.Money)
    MoneySubtraction                         0x08006749   Thumb Code  1144  mymainfcs.o(i.MoneySubtraction)
    NMI_Handler                              0x08006bc9   Thumb Code     2  stm32f1xx_it.o(i.NMI_Handler)
    NumericParamEdit                         0x08006c01   Thumb Code   178  mymainfcs.o(i.NumericParamEdit)
    OffOnParamEdit                           0x08006cc5   Thumb Code   178  mymainfcs.o(i.OffOnParamEdit)
    OffOutput                                0x08006d95   Thumb Code   148  mymainfcs.o(i.OffOutput)
    OnOffOutput                              0x08006e2d   Thumb Code  1210  mymainfcs.o(i.OnOffOutput)
    PC_RS485Send                             0x080072f1   Thumb Code   218  myusart_fcs.o(i.PC_RS485Send)
    PauseMenuImplementation                  0x080073e5   Thumb Code   480  mymainfcs.o(i.PauseMenuImplementation)
    PauseTimeDisplaying                      0x080075fd   Thumb Code   412  mymatrix.o(i.PauseTimeDisplaying)
    PiMenuImplementation                     0x080077a5   Thumb Code   562  mymainfcs.o(i.PiMenuImplementation)
    PrintUpHalfMatrix                        0x08007a19   Thumb Code    44  mymatrix.o(i.PrintUpHalfMatrix)
    PrnToPc                                  0x08007a45   Thumb Code    50  myusart_fcs.o(i.PrnToPc)
    PulseInputControl                        0x08007a81   Thumb Code   464  mymainfcs.o(i.PulseInputControl)
    RTCMenuImplementation                    0x08007c69   Thumb Code   554  mymainfcs.o(i.RTCMenuImplementation)
    ReleSwitch                               0x08007f31   Thumb Code  1342  mymainfcs.o(i.ReleSwitch)
    RingBufferAddress                        0x0800846f   Thumb Code    20  myvendotek.o(i.RingBufferAddress)
    SPI1SendByte                             0x08008485   Thumb Code    28  rc522.o(i.SPI1SendByte)
    SPI1_IRQHandler                          0x080084a5   Thumb Code   334  stm32f1xx_it.o(i.SPI1_IRQHandler)
    SPI1_ReadReg                             0x08008611   Thumb Code    48  rc522.o(i.SPI1_ReadReg)
    SPI1_WriteReg                            0x08008645   Thumb Code    50  rc522.o(i.SPI1_WriteReg)
    SaveMoneyToCard                          0x08008735   Thumb Code   520  rc522.o(i.SaveMoneyToCard)
    SaveSettingsToFlash                      0x08008a39   Thumb Code   140  mymainfcs.o(i.SaveSettingsToFlash)
    SendABR_Packet                           0x08008acd   Thumb Code    62  myvendotek.o(i.SendABR_Packet)
    SendCRS_Packet                           0x08008b11   Thumb Code   120  myvendotek.o(i.SendCRS_Packet)
    SendFIN_Packet                           0x08008b99   Thumb Code    86  myvendotek.o(i.SendFIN_Packet)
    SendIdlPacket                            0x08008bf5   Thumb Code    62  myvendotek.o(i.SendIdlPacket)
    SendVRP_Packet                           0x08008c39   Thumb Code    98  myvendotek.o(i.SendVRP_Packet)
    SetDefaults                              0x08008ca1   Thumb Code   614  mymainfcs.o(i.SetDefaults)
    SetUnixTime                              0x08008f0d   Thumb Code    70  myrtc.o(i.SetUnixTime)
    StartDefaultTask                         0x08008f59   Thumb Code    74  main.o(i.StartDefaultTask)
    StartTask02                              0x08008fb1   Thumb Code   912  main.o(i.StartTask02)
    StartTask03                              0x08009361   Thumb Code   132  main.o(i.StartTask03)
    StartTask04                              0x080093e9   Thumb Code   356  main.o(i.StartTask04)
    SysTick_Handler                          0x0800957d   Thumb Code     4  stm32f1xx_it.o(i.SysTick_Handler)
    SystemClock_Config                       0x08009581   Thumb Code   124  main.o(i.SystemClock_Config)
    SystemInit                               0x080095fd   Thumb Code    56  system_stm32f1xx.o(i.SystemInit)
    TIM6_IRQHandler                          0x08009645   Thumb Code     6  stm32f1xx_it.o(i.TIM6_IRQHandler)
    TIM_Base_SetConfig                       0x08009651   Thumb Code   120  stm32f1xx_hal_tim.o(i.TIM_Base_SetConfig)
    UART4_DMA_Receive_Init                   0x080096dd   Thumb Code    86  myusart_fcs.o(i.UART4_DMA_Receive_Init)
    UART4_DMA_Transmit                       0x08009741   Thumb Code    84  myusart_fcs.o(i.UART4_DMA_Transmit)
    UART4_DMA_Transmit_Init                  0x080097a1   Thumb Code    84  myusart_fcs.o(i.UART4_DMA_Transmit_Init)
    UART5_IRQHandler                         0x08009801   Thumb Code    66  stm32f1xx_it.o(i.UART5_IRQHandler)
    USART1_DMA_Receive_Init                  0x080099c9   Thumb Code    74  myusart_fcs.o(i.USART1_DMA_Receive_Init)
    USART1_DMA_Transmit_Init                 0x08009a21   Thumb Code    66  myusart_fcs.o(i.USART1_DMA_Transmit_Init)
    USART2_DMA_Receive_Init                  0x08009a71   Thumb Code    74  myusart_fcs.o(i.USART2_DMA_Receive_Init)
    USART2_DMA_Transmit                      0x08009ac9   Thumb Code    76  myusart_fcs.o(i.USART2_DMA_Transmit)
    USART2_DMA_Transmit_Init                 0x08009b1d   Thumb Code    72  myusart_fcs.o(i.USART2_DMA_Transmit_Init)
    USART5_Transmit_Init                     0x08009b71   Thumb Code    12  myusart_fcs.o(i.USART5_Transmit_Init)
    UsageFault_Handler                       0x08009b7d   Thumb Code     2  stm32f1xx_it.o(i.UsageFault_Handler)
    VendotekMenuImplementation               0x08009b81   Thumb Code   484  mymainfcs.o(i.VendotekMenuImplementation)
    VendotekParsing                          0x08009d9d   Thumb Code  1478  myvendotek.o(i.VendotekParsing)
    WH1602Init                               0x0800a379   Thumb Code   148  mywh1602.o(i.WH1602Init)
    WH1602SendByte                           0x0800a419   Thumb Code    60  mywh1602.o(i.WH1602SendByte)
    WH1602_ClearDisplay                      0x0800a45d   Thumb Code    10  mywh1602.o(i.WH1602_ClearDisplay)
    WH1602_CodingSheme1                      0x0800a469   Thumb Code   448  mywh1602.o(i.WH1602_CodingSheme1)
    WH1602_DisplayOnOff                      0x0800a62d   Thumb Code    34  mywh1602.o(i.WH1602_DisplayOnOff)
    WH1602_EntryModeSet                      0x0800a64f   Thumb Code    26  mywh1602.o(i.WH1602_EntryModeSet)
    WH1602_FunctionSet                       0x0800a669   Thumb Code    24  mywh1602.o(i.WH1602_FunctionSet)
    WH1602_Print                             0x0800a681   Thumb Code    92  mywh1602.o(i.WH1602_Print)
    WH1602_Print2                            0x0800a6dd   Thumb Code    76  mywh1602.o(i.WH1602_Print2)
    WH1602_SetDDRAM_Address                  0x0800a729   Thumb Code    12  mywh1602.o(i.WH1602_SetDDRAM_Address)
    Welcom                                   0x0800a735   Thumb Code  1880  mymatrix.o(i.Welcom)
    __0sprintf$8                             0x0800af09   Thumb Code    34  printf8.o(i.__0sprintf$8)
    __1sprintf$8                             0x0800af09   Thumb Code     0  printf8.o(i.__0sprintf$8)
    __2sprintf                               0x0800af09   Thumb Code     0  printf8.o(i.__0sprintf$8)
    __scatterload_copy                       0x0800af31   Thumb Code    14  handlers.o(i.__scatterload_copy)
    __scatterload_null                       0x0800af3f   Thumb Code     2  handlers.o(i.__scatterload_null)
    __scatterload_zeroinit                   0x0800af41   Thumb Code    14  handlers.o(i.__scatterload_zeroinit)
    free                                     0x0800b3b1   Thumb Code    76  malloc.o(i.free)
    htonl                                    0x0800b401   Thumb Code    18  mycommon_fcs.o(i.htonl)
    main                                     0x0800b415   Thumb Code   270  main.o(i.main)
    malloc                                   0x0800b551   Thumb Code    92  malloc.o(i.malloc)
    osDelay                                  0x0800b5bd   Thumb Code    14  cmsis_os.o(i.osDelay)
    osKernelStart                            0x0800b5cb   Thumb Code    10  cmsis_os.o(i.osKernelStart)
    osSystickHandler                         0x0800b5d5   Thumb Code    20  cmsis_os.o(i.osSystickHandler)
    osThreadCreate                           0x0800b5e9   Thumb Code    46  cmsis_os.o(i.osThreadCreate)
    pvPortMalloc                             0x0800b8bd   Thumb Code    68  heap_1.o(i.pvPortMalloc)
    pxPortInitialiseStack                    0x0800b909   Thumb Code    32  port.o(i.pxPortInitialiseStack)
    unixtime_to_datetime                     0x0800b92d   Thumb Code   196  myrtc.o(i.unixtime_to_datetime)
    uxListRemove                             0x0800b9f9   Thumb Code    36  list.o(i.uxListRemove)
    vListInitialise                          0x0800ba1d   Thumb Code    22  list.o(i.vListInitialise)
    vListInitialiseItem                      0x0800ba33   Thumb Code     6  list.o(i.vListInitialiseItem)
    vListInsert                              0x0800ba39   Thumb Code    48  list.o(i.vListInsert)
    vListInsertEnd                           0x0800ba69   Thumb Code    24  list.o(i.vListInsertEnd)
    vPortEnterCritical                       0x0800ba81   Thumb Code    54  port.o(i.vPortEnterCritical)
    vPortExitCritical                        0x0800bac1   Thumb Code    34  port.o(i.vPortExitCritical)
    vPortFree                                0x0800bae9   Thumb Code    22  heap_1.o(i.vPortFree)
    vPortSetupTimerInterrupt                 0x0800bb01   Thumb Code    26  port.o(i.vPortSetupTimerInterrupt)
    vTaskDelay                               0x0800bb21   Thumb Code    66  tasks.o(i.vTaskDelay)
    vTaskStartScheduler                      0x0800bb6d   Thumb Code    86  tasks.o(i.vTaskStartScheduler)
    vTaskSuspendAll                          0x0800bbd5   Thumb Code    10  tasks.o(i.vTaskSuspendAll)
    vTaskSwitchContext                       0x0800bbe5   Thumb Code    82  tasks.o(i.vTaskSwitchContext)
    xPortStartScheduler                      0x0800bc41   Thumb Code   102  port.o(i.xPortStartScheduler)
    xPortSysTickHandler                      0x0800bcb5   Thumb Code    38  port.o(i.xPortSysTickHandler)
    xTaskCreate                              0x0800bce1   Thumb Code    86  tasks.o(i.xTaskCreate)
    xTaskGetSchedulerState                   0x0800bd39   Thumb Code    22  tasks.o(i.xTaskGetSchedulerState)
    xTaskIncrementTick                       0x0800bd55   Thumb Code   192  tasks.o(i.xTaskIncrementTick)
    xTaskResumeAll                           0x0800be1d   Thumb Code   182  tasks.o(i.xTaskResumeAll)
    AHBPrescTable                            0x0800bee0   Data          16  system_stm32f1xx.o(.constdata)
    APBPrescTable                            0x0800bef0   Data           8  system_stm32f1xx.o(.constdata)
    Region$$Table$$Base                      0x0800c018   Number         0  anon$$obj.o(Region$$Table)
    Region$$Table$$Limit                     0x0800c038   Number         0  anon$$obj.o(Region$$Table)
    SystemCoreClock                          0x20000000   Data           4  system_stm32f1xx.o(.data)
    pxCurrentTCB                             0x20000004   Data           4  tasks.o(.data)
    WashMode                                 0x20000058   Data           1  main.o(.data)
    DiscountReadFromCard                     0x20000059   Data           1  main.o(.data)
    TestVar                                  0x2000005a   Data           1  main.o(.data)
    FirstTransfer                            0x2000005b   Data           1  main.o(.data)
    RfBlockAddr                              0x2000005c   Data           1  main.o(.data)
    Sum                                      0x20000060   Data           4  main.o(.data)
    OldCashSum                               0x20000064   Data           4  main.o(.data)
    CashSum                                  0x20000068   Data           4  main.o(.data)
    SumFromClientCard                        0x2000006c   Data           4  main.o(.data)
    SetingsMenuString                        0x20000070   Data           4  main.o(.data)
    FreePauseSeconds                         0x20000074   Data           4  main.o(.data)
    CardDelay                                0x20000078   Data           4  main.o(.data)
    VendotekRxBuf1p                          0x2000007c   Data           4  main.o(.data)
    RFID_TimeCounter                         0x20000080   Data           4  main.o(.data)
    VendotekTxBuf1p                          0x20000084   Data           4  main.o(.data)
    VendotekTxBuf2p                          0x20000088   Data           4  main.o(.data)
    IdlPacketTimeCounter                     0x2000008c   Data           4  main.o(.data)
    MoneyForCashlessPaymentRequest           0x20000090   Data           4  main.o(.data)
    ShowMoneyCounter                         0x20000094   Data           4  main.o(.data)
    DosingCounter1                           0x20000098   Data           4  main.o(.data)
    DosingCounter2                           0x2000009c   Data           4  main.o(.data)
    DosingCounter3                           0x200000a0   Data           4  main.o(.data)
    DosingCounter4                           0x200000a4   Data           4  main.o(.data)
    DosingCounter5                           0x200000a8   Data           4  main.o(.data)
    DosingCounter6                           0x200000ac   Data           4  main.o(.data)
    DosingCounter7                           0x200000b0   Data           4  main.o(.data)
    DosingCounter8                           0x200000b4   Data           4  main.o(.data)
    DosingCounter9                           0x200000b8   Data           4  main.o(.data)
    DosingCounter10                          0x200000bc   Data           4  main.o(.data)
    RTCReadCounter                           0x200000c0   Data           4  main.o(.data)
    defaultTaskHandle                        0x200000c4   Data           4  main.o(.data)
    myTask02Handle                           0x200000c8   Data           4  main.o(.data)
    myTask03Handle                           0x200000cc   Data           4  main.o(.data)
    myTask04Handle                           0x200000d0   Data           4  main.o(.data)
    RO                                       0x200000d4   Data           4  main.o(.data)
    MainMatrixArray                          0x200000d8   Data          64  main.o(.data)
    SetsMenyStrings                          0x20000118   Data         256  main.o(.data)
    ButtonUpCounter                          0x20000218   Data           4  main.o(.data)
    ButtonDownCounter                        0x2000021c   Data           4  main.o(.data)
    ButtonOkCounter                          0x20000220   Data           4  main.o(.data)
    ButtonLeftCounter                        0x20000224   Data           4  main.o(.data)
    ButtonRightCounter                       0x20000228   Data           4  main.o(.data)
    BI1                                      0x2000022c   Data           1  main.o(.data)
    BI2                                      0x2000022d   Data           1  main.o(.data)
    BI3                                      0x2000022e   Data           1  main.o(.data)
    BI4                                      0x2000022f   Data           1  main.o(.data)
    BI5                                      0x20000230   Data           1  main.o(.data)
    BI6                                      0x20000231   Data           1  main.o(.data)
    BI7                                      0x20000232   Data           1  main.o(.data)
    BI8                                      0x20000233   Data           1  main.o(.data)
    BI9                                      0x20000234   Data           1  main.o(.data)
    BI10                                     0x20000235   Data           1  main.o(.data)
    BI11                                     0x20000236   Data           1  main.o(.data)
    BI12                                     0x20000237   Data           1  main.o(.data)
    BI13                                     0x20000238   Data           1  main.o(.data)
    BI14                                     0x20000239   Data           1  main.o(.data)
    BI15                                     0x2000023a   Data           1  main.o(.data)
    BI16                                     0x2000023b   Data           1  main.o(.data)
    MenuLst                                  0x2000023c   Data           1  main.o(.data)
    PIMenuString                             0x20000240   Data           4  main.o(.data)
    PIMenyStrings                            0x20000244   Data          64  main.o(.data)
    ClM_MenuStrings                          0x20000284   Data         272  main.o(.data)
    ReleModuleTxBuf1p                        0x20000394   Data           4  main.o(.data)
    ReleModuleTxBuf2p                        0x20000398   Data           4  main.o(.data)
    TransmissionToReleModuleState            0x2000039c   Data           1  main.o(.data)
    PauseMenuStrings                         0x2000039d   Data          80  main.o(.data)
    RS485PC_TransferCompleted                0x200003ed   Data           1  main.o(.data)
    PC_TxBuf1p                               0x200003f0   Data           4  main.o(.data)
    PC_TxBuf2p                               0x200003f4   Data           4  main.o(.data)
    CardsMenuStrings                         0x200003f8   Data         192  main.o(.data)
    VendotekRxBuf2p                          0x200004b8   Data           4  main.o(.data)
    VendotekMenuStrings                      0x200004bc   Data          64  main.o(.data)
    RTCMenuStrings                           0x200004fc   Data         144  main.o(.data)
    ButtonUp                                 0x2000058c   Data           1  main.o(.data)
    ButtonDown                               0x2000058d   Data           1  main.o(.data)
    ButtonOk                                 0x2000058e   Data           1  main.o(.data)
    ButtonLeft                               0x2000058f   Data           1  main.o(.data)
    ButtonRight                              0x20000590   Data           1  main.o(.data)
    OldSetingsMenuString                     0x20000594   Data           4  main.o(.data)
    LastKeepaliveIntervalInSeconds           0x20000930   Data           4  myvendotek.o(.data)
    LastMessageName                          0x20000938   Data           1  myvendotek.o(.data)
    VRP_AnsverFound                          0x20000939   Data           1  myvendotek.o(.data)
    IdlMessageBlock                          0x2000093a   Data           1  myvendotek.o(.data)
    VRP_State                                0x2000093b   Data           1  myvendotek.o(.data)
    lastOperationNumber                      0x2000093c   Data           4  myvendotek.o(.data)
    lastOperationTimeoutInSeconds            0x20000940   Data           4  myvendotek.o(.data)
    lastEventNumber                          0x20000944   Data           4  myvendotek.o(.data)
    lastVRP_Ansver                           0x20000950   Data           8  myvendotek.o(.data)
    crc16_ccitt_table                        0x20000958   Data         512  myvendotek.o(.data)
    uwTickFreq                               0x20000b5c   Data           1  stm32f1xx_hal.o(.data)
    uwTickPrio                               0x20000b60   Data           4  stm32f1xx_hal.o(.data)
    uwTick                                   0x20000b64   Data           4  stm32f1xx_hal.o(.data)
    __microlib_freelist                      0x20000b68   Data           4  mvars.o(.data)
    __microlib_freelist_initialised          0x20000b6c   Data           4  mvars.o(.data)
    htim6                                    0x20002060   Data          64  stm32f1xx_hal_timebase_tim.o(.bss)
    VendotekRxBuf                            0x200020a0   Data         500  main.o(.bss)
    VendotekTxBuf                            0x20002294   Data         500  main.o(.bss)
    hrtc                                     0x20002488   Data          20  main.o(.bss)
    hspi2                                    0x2000249c   Data          88  main.o(.bss)
    huart4                                   0x200024f4   Data          64  main.o(.bss)
    huart5                                   0x20002534   Data          64  main.o(.bss)
    huart1                                   0x20002574   Data          64  main.o(.bss)
    huart2                                   0x200025b4   Data          64  main.o(.bss)
    Settings                                 0x200025f4   Data         744  main.o(.bss)
    PC_RxBuf                                 0x200028dc   Data         300  main.o(.bss)
    VendotekTxBufAdd                         0x20002a08   Data         500  main.o(.bss)
    OutputPercent                            0x20002bfc   Data          15  main.o(.bss)
    VFD_RxBuf                                0x20002c0b   Data         100  main.o(.bss)
    CurrentDateAndTime                       0x20002c70   Data          28  main.o(.bss)
    ReleModuleTxBuf                          0x20002c8c   Data          50  main.o(.bss)
    PC_TxBuf                                 0x20002cbe   Data         300  main.o(.bss)
    TempRTCData                              0x20002dec   Data          24  main.o(.bss)
    PI3                                      0x20002e04   Data          12  mymainfcs.o(.bss)
    PI2                                      0x20002e10   Data          12  mymainfcs.o(.bss)
    PI1                                      0x20002e1c   Data          12  mymainfcs.o(.bss)
    pFlash                                   0x20002e28   Data          32  stm32f1xx_hal_flash.o(.bss)
    __heap_base                              0x20002e48   Data           0  startup_stm32f103xe.o(HEAP)
    __heap_limit                             0x20003148   Data           0  startup_stm32f103xe.o(HEAP)
    __initial_sp                             0x20003648   Data           0  startup_stm32f103xe.o(STACK)



==============================================================================

Memory Map of the image

  Image Entry point : 0x08000131

  Load Region LR_IROM1 (Base: 0x08000000, Size: 0x0000cba8, Max: 0x00040000, ABSOLUTE, COMPRESSED[0x0000c464])

    Execution Region ER_IROM1 (Exec base: 0x08000000, Load base: 0x08000000, Size: 0x0000c038, Max: 0x00040000, ABSOLUTE)

    Exec Addr    Load Addr    Size         Type   Attr      Idx    E Section Name        Object

    0x08000000   0x08000000   0x00000130   Data   RO          130    RESET               startup_stm32f103xe.o
    0x08000130   0x08000130   0x00000000   Code   RO         5369  * .ARM.Collect$$$$00000000  mc_w.l(entry.o)
    0x08000130   0x08000130   0x00000004   Code   RO         5679    .ARM.Collect$$$$00000001  mc_w.l(entry2.o)
    0x08000134   0x08000134   0x00000004   Code   RO         5682    .ARM.Collect$$$$00000004  mc_w.l(entry5.o)
    0x08000138   0x08000138   0x00000000   Code   RO         5684    .ARM.Collect$$$$00000008  mc_w.l(entry7b.o)
    0x08000138   0x08000138   0x00000000   Code   RO         5686    .ARM.Collect$$$$0000000A  mc_w.l(entry8b.o)
    0x08000138   0x08000138   0x00000008   Code   RO         5687    .ARM.Collect$$$$0000000B  mc_w.l(entry9a.o)
    0x08000140   0x08000140   0x00000004   Code   RO         5694    .ARM.Collect$$$$0000000E  mc_w.l(entry12b.o)
    0x08000144   0x08000144   0x00000000   Code   RO         5689    .ARM.Collect$$$$0000000F  mc_w.l(entry10a.o)
    0x08000144   0x08000144   0x00000000   Code   RO         5691    .ARM.Collect$$$$00000011  mc_w.l(entry11a.o)
    0x08000144   0x08000144   0x00000004   Code   RO         5680    .ARM.Collect$$$$00002712  mc_w.l(entry2.o)
    0x08000148   0x08000148   0x00000096   Code   RO          622    .emb_text           port.o
    0x080001de   0x080001de   0x00000002   PAD
    0x080001e0   0x080001e0   0x00000024   Code   RO          131    .text               startup_stm32f103xe.o
    0x08000204   0x08000204   0x00000062   Code   RO         5372    .text               mc_w.l(uldiv.o)
    0x08000266   0x08000266   0x00000020   Code   RO         5374    .text               mc_w.l(llushr.o)
    0x08000286   0x08000286   0x00000024   Code   RO         5376    .text               mc_w.l(memcpya.o)
    0x080002aa   0x080002aa   0x000000e4   Code   RO         5673    .text               mf_w.l(dmul.o)
    0x0800038e   0x0800038e   0x0000001a   Code   RO         5675    .text               mf_w.l(dfltui.o)
    0x080003a8   0x080003a8   0x00000030   Code   RO         5677    .text               mf_w.l(cdrcmple.o)
    0x080003d8   0x080003d8   0x0000001e   Code   RO         5700    .text               mc_w.l(llshl.o)
    0x080003f6   0x080003f6   0x00000000   Code   RO         5704    .text               mc_w.l(iusefp.o)
    0x080003f6   0x080003f6   0x000000ba   Code   RO         5707    .text               mf_w.l(depilogue.o)
    0x080004b0   0x080004b0   0x00000024   Code   RO         5715    .text               mc_w.l(init.o)
    0x080004d4   0x080004d4   0x0000005e   Code   RO         5729    .text               mc_w.l(__dclz77c.o)
    0x08000532   0x08000532   0x00000028   Code   RO         2444    i.ArrCmp            myvendotek.o
    0x0800055a   0x0800055a   0x00000002   Code   RO         1301    i.BusFault_Handler  stm32f1xx_it.o
    0x0800055c   0x0800055c   0x0000004c   Code   RO         1751    i.ButtonControl     mymainfcs.o
    0x080005a8   0x080005a8   0x00000114   Code   RO         1752    i.ButtonLedControl  mymainfcs.o
    0x080006bc   0x080006bc   0x00000244   Code   RO         1753    i.ButtonsHandler    mymainfcs.o
    0x08000900   0x08000900   0x00000528   Code   RO         2278    i.CardPersonalization  rc522.o
    0x08000e28   0x08000e28   0x000002f8   Code   RO         1754    i.CardsMenuImplementation  mymainfcs.o
    0x08001120   0x08001120   0x000000e8   Code   RO         2445    i.CashlessPayment   myvendotek.o
    0x08001208   0x08001208   0x00000012   Code   RO         1931    i.ClearUpHalfMatrix  mymatrix.o
    0x0800121a   0x0800121a   0x00000002   PAD
    0x0800121c   0x0800121c   0x00000960   Code   RO         1755    i.ClientButtonsControl  mymainfcs.o
    0x08001b7c   0x08001b7c   0x00000318   Code   RO         1756    i.ClientModeMenuImplementation  mymainfcs.o
    0x08001e94   0x08001e94   0x0000000e   Code   RO         2446    i.ConvertDigitToAscii  myvendotek.o
    0x08001ea2   0x08001ea2   0x00000002   PAD
    0x08001ea4   0x08001ea4   0x00000098   Code   RO         2596    i.ConvertHRFtimeToUnixTime  myrtc.o
    0x08001f3c   0x08001f3c   0x000000c0   Code   RO         2447    i.CreatePacket      myvendotek.o
    0x08001ffc   0x08001ffc   0x000000f8   Code   RO         2448    i.CreateTag_AmountInMinorCurrency  myvendotek.o
    0x080020f4   0x080020f4   0x00000048   Code   RO         2449    i.CreateTag_EventName  myvendotek.o
    0x0800213c   0x0800213c   0x0000009c   Code   RO         2450    i.CreateTag_EventNumber  myvendotek.o
    0x080021d8   0x080021d8   0x0000005a   Code   RO         2451    i.CreateTag_MessegeName  myvendotek.o
    0x08002232   0x08002232   0x00000002   PAD
    0x08002234   0x08002234   0x0000009c   Code   RO         2452    i.CreateTag_OperatiionNumber  myvendotek.o
    0x080022d0   0x080022d0   0x00000044   Code   RO         2453    i.CreateTag_ProductID  myvendotek.o
    0x08002314   0x08002314   0x00000038   Code   RO         1302    i.DMA2_Channel4_5_IRQHandler  stm32f1xx_it.o
    0x0800234c   0x0800234c   0x0000005e   Code   RO         1757    i.DOControlFc       mymainfcs.o
    0x080023aa   0x080023aa   0x00000002   Code   RO         1303    i.DebugMon_Handler  stm32f1xx_it.o
    0x080023ac   0x080023ac   0x00000062   Code   RO         2454    i.DecAsciiToHex32   myvendotek.o
    0x0800240e   0x0800240e   0x00000002   PAD
    0x08002410   0x08002410   0x00000104   Code   RO         1758    i.EnableDisableParamEdit  mymainfcs.o
    0x08002514   0x08002514   0x0000001c   Code   RO         3120    i.FLASH_Program_HalfWord  stm32f1xx_hal_flash.o
    0x08002530   0x08002530   0x00000004   Code   RO         1759    i.FLASH_Read        mymainfcs.o
    0x08002534   0x08002534   0x0000005c   Code   RO         3121    i.FLASH_SetErrorCode  stm32f1xx_hal_flash.o
    0x08002590   0x08002590   0x00000054   Code   RO         3122    i.FLASH_WaitForLastOperation  stm32f1xx_hal_flash.o
    0x080025e4   0x080025e4   0x00000034   Code   RO         2455    i.GetCheck          myvendotek.o
    0x08002618   0x08002618   0x00000374   Code   RO         2279    i.GetMoneyFromCard  rc522.o
    0x0800298c   0x0800298c   0x0000002c   Code   RO         2597    i.GetUnixTime       myrtc.o
    0x080029b8   0x080029b8   0x00000038   Code   RO         2457    i.Get_crc_ring_buf  myvendotek.o
    0x080029f0   0x080029f0   0x00000014   Code   RO         3126    i.HAL_FLASH_Lock    stm32f1xx_hal_flash.o
    0x08002a04   0x08002a04   0x00000080   Code   RO         3131    i.HAL_FLASH_Program  stm32f1xx_hal_flash.o
    0x08002a84   0x08002a84   0x00000028   Code   RO         3133    i.HAL_FLASH_Unlock  stm32f1xx_hal_flash.o
    0x08002aac   0x08002aac   0x000001e8   Code   RO         4654    i.HAL_GPIO_Init     stm32f1xx_hal_gpio.o
    0x08002c94   0x08002c94   0x0000000a   Code   RO         4656    i.HAL_GPIO_ReadPin  stm32f1xx_hal_gpio.o
    0x08002c9e   0x08002c9e   0x00000008   Code   RO         4657    i.HAL_GPIO_TogglePin  stm32f1xx_hal_gpio.o
    0x08002ca6   0x08002ca6   0x0000000a   Code   RO         4658    i.HAL_GPIO_WritePin  stm32f1xx_hal_gpio.o
    0x08002cb0   0x08002cb0   0x0000000c   Code   RO         2972    i.HAL_GetTick       stm32f1xx_hal.o
    0x08002cbc   0x08002cbc   0x00000010   Code   RO         2976    i.HAL_IncTick       stm32f1xx_hal.o
    0x08002ccc   0x08002ccc   0x00000024   Code   RO         2977    i.HAL_Init          stm32f1xx_hal.o
    0x08002cf0   0x08002cf0   0x00000074   Code   RO         1415    i.HAL_InitTick      stm32f1xx_hal_timebase_tim.o
    0x08002d64   0x08002d64   0x00000080   Code   RO         1237    i.HAL_MspInit       stm32f1xx_hal_msp.o
    0x08002de4   0x08002de4   0x00000016   Code   RO         4536    i.HAL_NVIC_EnableIRQ  stm32f1xx_hal_cortex.o
    0x08002dfa   0x08002dfa   0x00000002   PAD
    0x08002dfc   0x08002dfc   0x00000040   Code   RO         4542    i.HAL_NVIC_SetPriority  stm32f1xx_hal_cortex.o
    0x08002e3c   0x08002e3c   0x00000024   Code   RO         4543    i.HAL_NVIC_SetPriorityGrouping  stm32f1xx_hal_cortex.o
    0x08002e60   0x08002e60   0x0000000c   Code   RO         2748    i.HAL_PWR_EnableBkUpAccess  stm32f1xx_hal_pwr.o
    0x08002e6c   0x08002e6c   0x000000d8   Code   RO         3940    i.HAL_RCCEx_GetPeriphCLKFreq  stm32f1xx_hal_rcc_ex.o
    0x08002f44   0x08002f44   0x000000ec   Code   RO         3941    i.HAL_RCCEx_PeriphCLKConfig  stm32f1xx_hal_rcc_ex.o
    0x08003030   0x08003030   0x00000154   Code   RO         2640    i.HAL_RCC_ClockConfig  stm32f1xx_hal_rcc.o
    0x08003184   0x08003184   0x00000040   Code   RO         2644    i.HAL_RCC_GetClockConfig  stm32f1xx_hal_rcc.o
    0x080031c4   0x080031c4   0x0000000c   Code   RO         2645    i.HAL_RCC_GetHCLKFreq  stm32f1xx_hal_rcc.o
    0x080031d0   0x080031d0   0x00000020   Code   RO         2647    i.HAL_RCC_GetPCLK1Freq  stm32f1xx_hal_rcc.o
    0x080031f0   0x080031f0   0x00000020   Code   RO         2648    i.HAL_RCC_GetPCLK2Freq  stm32f1xx_hal_rcc.o
    0x08003210   0x08003210   0x00000074   Code   RO         2649    i.HAL_RCC_GetSysClockFreq  stm32f1xx_hal_rcc.o
    0x08003284   0x08003284   0x00000304   Code   RO         2652    i.HAL_RCC_OscConfig  stm32f1xx_hal_rcc.o
    0x08003588   0x08003588   0x000000a0   Code   RO         5108    i.HAL_RTC_Init      stm32f1xx_hal_rtc.o
    0x08003628   0x08003628   0x00000034   Code   RO         1239    i.HAL_RTC_MspInit   stm32f1xx_hal_msp.o
    0x0800365c   0x0800365c   0x0000003a   Code   RO         5116    i.HAL_RTC_WaitForSynchro  stm32f1xx_hal_rtc.o
    0x08003696   0x08003696   0x00000082   Code   RO         4753    i.HAL_SPI_Init      stm32f1xx_hal_spi_ex.o
    0x08003718   0x08003718   0x0000005c   Code   RO         1241    i.HAL_SPI_MspInit   stm32f1xx_hal_msp.o
    0x08003774   0x08003774   0x000001d8   Code   RO         4797    i.HAL_SPI_TransmitReceive  stm32f1xx_hal_spi.o
    0x0800394c   0x0800394c   0x00000018   Code   RO         4545    i.HAL_SYSTICK_CLKSourceConfig  stm32f1xx_hal_cortex.o
    0x08003964   0x08003964   0x00000028   Code   RO         4547    i.HAL_SYSTICK_Config  stm32f1xx_hal_cortex.o
    0x0800398c   0x0800398c   0x00000002   Code   RO         4301    i.HAL_TIMEx_BreakCallback  stm32f1xx_hal_tim_ex.o
    0x0800398e   0x0800398e   0x00000002   Code   RO         4302    i.HAL_TIMEx_CommutationCallback  stm32f1xx_hal_tim_ex.o
    0x08003990   0x08003990   0x00000036   Code   RO         3225    i.HAL_TIM_Base_Init  stm32f1xx_hal_tim.o
    0x080039c6   0x080039c6   0x00000002   Code   RO         3227    i.HAL_TIM_Base_MspInit  stm32f1xx_hal_tim.o
    0x080039c8   0x080039c8   0x00000018   Code   RO         3230    i.HAL_TIM_Base_Start_IT  stm32f1xx_hal_tim.o
    0x080039e0   0x080039e0   0x00000002   Code   RO         3254    i.HAL_TIM_IC_CaptureCallback  stm32f1xx_hal_tim.o
    0x080039e2   0x080039e2   0x00000166   Code   RO         3267    i.HAL_TIM_IRQHandler  stm32f1xx_hal_tim.o
    0x08003b48   0x08003b48   0x00000002   Code   RO         3270    i.HAL_TIM_OC_DelayElapsedCallback  stm32f1xx_hal_tim.o
    0x08003b4a   0x08003b4a   0x00000002   Code   RO         3297    i.HAL_TIM_PWM_PulseFinishedCallback  stm32f1xx_hal_tim.o
    0x08003b4c   0x08003b4c   0x00000014   Code   RO         1455    i.HAL_TIM_PeriodElapsedCallback  main.o
    0x08003b60   0x08003b60   0x00000002   Code   RO         3308    i.HAL_TIM_TriggerCallback  stm32f1xx_hal_tim.o
    0x08003b62   0x08003b62   0x00000062   Code   RO         4000    i.HAL_UART_Init     stm32f1xx_hal_uart.o
    0x08003bc4   0x08003bc4   0x000000f4   Code   RO         1243    i.HAL_UART_MspInit  stm32f1xx_hal_msp.o
    0x08003cb8   0x08003cb8   0x00000010   Code   RO         1632    i.HalfbyteToHexascii  mycommon_fcs.o
    0x08003cc8   0x08003cc8   0x00000002   Code   RO         1304    i.HardFault_Handler  stm32f1xx_it.o
    0x08003cca   0x08003cca   0x00000002   PAD
    0x08003ccc   0x08003ccc   0x0000012c   Code   RO         1633    i.Hex32ToDecASCII   mycommon_fcs.o
    0x08003df8   0x08003df8   0x0000002a   Code   RO         2458    i.HexAsciiToHalfbyteHex  myvendotek.o
    0x08003e22   0x08003e22   0x00000002   PAD
    0x08003e24   0x08003e24   0x000000d0   Code   RO         1760    i.HiddenNumericParamEdit  mymainfcs.o
    0x08003ef4   0x08003ef4   0x000000f4   Code   RO         1932    i.InscriptionAir    mymatrix.o
    0x08003fe8   0x08003fe8   0x000002ec   Code   RO         1933    i.InscriptionAttachABankCard  mymatrix.o
    0x080042d4   0x080042d4   0x000000b4   Code   RO         1934    i.InscriptionDop    mymatrix.o
    0x08004388   0x08004388   0x000000f4   Code   RO         1935    i.InscriptionFoam   mymatrix.o
    0x0800447c   0x0800447c   0x000000f0   Code   RO         1936    i.InscriptionOsmos  mymatrix.o
    0x0800456c   0x0800456c   0x00000960   Code   RO         1937    i.InscriptionPause  mymatrix.o
    0x08004ecc   0x08004ecc   0x00000188   Code   RO         1938    i.InscriptionSelectMode  mymatrix.o
    0x08005054   0x08005054   0x000002d8   Code   RO         1939    i.InscriptionSelectModeOrMakePayment  mymatrix.o
    0x0800532c   0x0800532c   0x0000025c   Code   RO         1940    i.InscriptionSelectTheAmountAndClickOk  mymatrix.o
    0x08005588   0x08005588   0x000000f4   Code   RO         1941    i.InscriptionVacuumCliner  mymatrix.o
    0x0800567c   0x0800567c   0x000000fc   Code   RO         1942    i.InscriptionWater  mymatrix.o
    0x08005778   0x08005778   0x000000e8   Code   RO         1943    i.InscriptionWax    mymatrix.o
    0x08005860   0x08005860   0x0000001a   Code   RO         2281    i.MFRC522_AntennaOn  rc522.o
    0x0800587a   0x0800587a   0x00000042   Code   RO         2282    i.MFRC522_Anticoll  rc522.o
    0x080058bc   0x080058bc   0x00000052   Code   RO         2283    i.MFRC522_Auth      rc522.o
    0x0800590e   0x0800590e   0x0000005e   Code   RO         2284    i.MFRC522_CalculateCRC  rc522.o
    0x0800596c   0x0800596c   0x00000018   Code   RO         2286    i.MFRC522_ClearBitMask  rc522.o
    0x08005984   0x08005984   0x0000002c   Code   RO         2288    i.MFRC522_Halt      rc522.o
    0x080059b0   0x080059b0   0x00000046   Code   RO         2289    i.MFRC522_Init      rc522.o
    0x080059f6   0x080059f6   0x00000032   Code   RO         2290    i.MFRC522_Read      rc522.o
    0x08005a28   0x08005a28   0x0000000e   Code   RO         2291    i.MFRC522_ReadRegister  rc522.o
    0x08005a36   0x08005a36   0x0000002e   Code   RO         2292    i.MFRC522_Request   rc522.o
    0x08005a64   0x08005a64   0x00000008   Code   RO         2293    i.MFRC522_Reset     rc522.o
    0x08005a6c   0x08005a6c   0x00000052   Code   RO         2294    i.MFRC522_SelectTag  rc522.o
    0x08005abe   0x08005abe   0x00000018   Code   RO         2295    i.MFRC522_SetBitMask  rc522.o
    0x08005ad6   0x08005ad6   0x00000114   Code   RO         2296    i.MFRC522_ToCard    rc522.o
    0x08005bea   0x08005bea   0x00000084   Code   RO         2297    i.MFRC522_Write     rc522.o
    0x08005c6e   0x08005c6e   0x0000000a   Code   RO         2298    i.MFRC522_WriteRegister  rc522.o
    0x08005c78   0x08005c78   0x00000028   Code   RO         2185    i.MT_WH1602_Delay   mywh1602.o
    0x08005ca0   0x08005ca0   0x00000180   Code   RO         1456    i.MX_GPIO_Init      main.o
    0x08005e20   0x08005e20   0x00000040   Code   RO         1457    i.MX_SPI2_Init      main.o
    0x08005e60   0x08005e60   0x00000064   Code   RO         2062    i.MatrixSPI_Init    myspi.o
    0x08005ec4   0x08005ec4   0x00000002   Code   RO         1305    i.MemManage_Handler  stm32f1xx_it.o
    0x08005ec6   0x08005ec6   0x00000002   PAD
    0x08005ec8   0x08005ec8   0x00000494   Code   RO         1761    i.Menu              mymainfcs.o
    0x0800635c   0x0800635c   0x000003ec   Code   RO         1944    i.Money             mymatrix.o
    0x08006748   0x08006748   0x00000480   Code   RO         1762    i.MoneySubtraction  mymainfcs.o
    0x08006bc8   0x08006bc8   0x00000002   Code   RO         1306    i.NMI_Handler       stm32f1xx_it.o
    0x08006bca   0x08006bca   0x00000016   Code   RO         2090    i.NVIC_EnableIRQ    myusart_fcs.o
    0x08006be0   0x08006be0   0x00000020   Code   RO         4549    i.NVIC_SetPriority  stm32f1xx_hal_cortex.o
    0x08006c00   0x08006c00   0x000000c4   Code   RO         1763    i.NumericParamEdit  mymainfcs.o
    0x08006cc4   0x08006cc4   0x000000d0   Code   RO         1765    i.OffOnParamEdit    mymainfcs.o
    0x08006d94   0x08006d94   0x00000098   Code   RO         1766    i.OffOutput         mymainfcs.o
    0x08006e2c   0x08006e2c   0x000004c4   Code   RO         1767    i.OnOffOutput       mymainfcs.o
    0x080072f0   0x080072f0   0x000000f4   Code   RO         2091    i.PC_RS485Send      myusart_fcs.o
    0x080073e4   0x080073e4   0x00000218   Code   RO         1768    i.PauseMenuImplementation  mymainfcs.o
    0x080075fc   0x080075fc   0x000001a8   Code   RO         1945    i.PauseTimeDisplaying  mymatrix.o
    0x080077a4   0x080077a4   0x00000274   Code   RO         1769    i.PiMenuImplementation  mymainfcs.o
    0x08007a18   0x08007a18   0x0000002c   Code   RO         1946    i.PrintUpHalfMatrix  mymatrix.o
    0x08007a44   0x08007a44   0x0000003c   Code   RO         2092    i.PrnToPc           myusart_fcs.o
    0x08007a80   0x08007a80   0x000001e8   Code   RO         1770    i.PulseInputControl  mymainfcs.o
    0x08007c68   0x08007c68   0x0000025c   Code   RO         1771    i.RTCMenuImplementation  mymainfcs.o
    0x08007ec4   0x08007ec4   0x00000034   Code   RO         5120    i.RTC_EnterInitMode  stm32f1xx_hal_rtc.o
    0x08007ef8   0x08007ef8   0x00000036   Code   RO         5121    i.RTC_ExitInitMode  stm32f1xx_hal_rtc.o
    0x08007f2e   0x08007f2e   0x00000002   PAD
    0x08007f30   0x08007f30   0x0000053e   Code   RO         1772    i.ReleSwitch        mymainfcs.o
    0x0800846e   0x0800846e   0x00000014   Code   RO         2459    i.RingBufferAddress  myvendotek.o
    0x08008482   0x08008482   0x00000002   PAD
    0x08008484   0x08008484   0x00000020   Code   RO         2300    i.SPI1SendByte      rc522.o
    0x080084a4   0x080084a4   0x0000016c   Code   RO         1307    i.SPI1_IRQHandler   stm32f1xx_it.o
    0x08008610   0x08008610   0x00000034   Code   RO         2301    i.SPI1_ReadReg      rc522.o
    0x08008644   0x08008644   0x00000038   Code   RO         2302    i.SPI1_WriteReg     rc522.o
    0x0800867c   0x0800867c   0x00000020   Code   RO         4812    i.SPI_CheckFlag_BSY  stm32f1xx_hal_spi.o
    0x0800869c   0x0800869c   0x00000096   Code   RO         4831    i.SPI_WaitFlagStateUntilTimeout  stm32f1xx_hal_spi.o
    0x08008732   0x08008732   0x00000002   PAD
    0x08008734   0x08008734   0x00000304   Code   RO         2303    i.SaveMoneyToCard   rc522.o
    0x08008a38   0x08008a38   0x00000094   Code   RO         1773    i.SaveSettingsToFlash  mymainfcs.o
    0x08008acc   0x08008acc   0x00000044   Code   RO         2460    i.SendABR_Packet    myvendotek.o
    0x08008b10   0x08008b10   0x00000088   Code   RO         2461    i.SendCRS_Packet    myvendotek.o
    0x08008b98   0x08008b98   0x0000005c   Code   RO         2462    i.SendFIN_Packet    myvendotek.o
    0x08008bf4   0x08008bf4   0x00000044   Code   RO         2463    i.SendIdlPacket     myvendotek.o
    0x08008c38   0x08008c38   0x00000068   Code   RO         2464    i.SendVRP_Packet    myvendotek.o
    0x08008ca0   0x08008ca0   0x0000026c   Code   RO         1774    i.SetDefaults       mymainfcs.o
    0x08008f0c   0x08008f0c   0x0000004c   Code   RO         2598    i.SetUnixTime       myrtc.o
    0x08008f58   0x08008f58   0x00000058   Code   RO         1458    i.StartDefaultTask  main.o
    0x08008fb0   0x08008fb0   0x000003b0   Code   RO         1459    i.StartTask02       main.o
    0x08009360   0x08009360   0x00000088   Code   RO         1460    i.StartTask03       main.o
    0x080093e8   0x080093e8   0x00000194   Code   RO         1461    i.StartTask04       main.o
    0x0800957c   0x0800957c   0x00000004   Code   RO         1308    i.SysTick_Handler   stm32f1xx_it.o
    0x08009580   0x08009580   0x0000007c   Code   RO         1462    i.SystemClock_Config  main.o
    0x080095fc   0x080095fc   0x00000048   Code   RO            5    i.SystemInit        system_stm32f1xx.o
    0x08009644   0x08009644   0x0000000c   Code   RO         1309    i.TIM6_IRQHandler   stm32f1xx_it.o
    0x08009650   0x08009650   0x0000008c   Code   RO         3309    i.TIM_Base_SetConfig  stm32f1xx_hal_tim.o
    0x080096dc   0x080096dc   0x00000064   Code   RO         2093    i.UART4_DMA_Receive_Init  myusart_fcs.o
    0x08009740   0x08009740   0x00000060   Code   RO         2094    i.UART4_DMA_Transmit  myusart_fcs.o
    0x080097a0   0x080097a0   0x00000060   Code   RO         2095    i.UART4_DMA_Transmit_Init  myusart_fcs.o
    0x08009800   0x08009800   0x00000058   Code   RO         1310    i.UART5_IRQHandler  stm32f1xx_it.o
    0x08009858   0x08009858   0x00000170   Code   RO         4026    i.UART_SetConfig    stm32f1xx_hal_uart.o
    0x080099c8   0x080099c8   0x00000058   Code   RO         2096    i.USART1_DMA_Receive_Init  myusart_fcs.o
    0x08009a20   0x08009a20   0x00000050   Code   RO         2098    i.USART1_DMA_Transmit_Init  myusart_fcs.o
    0x08009a70   0x08009a70   0x00000058   Code   RO         2099    i.USART2_DMA_Receive_Init  myusart_fcs.o
    0x08009ac8   0x08009ac8   0x00000054   Code   RO         2100    i.USART2_DMA_Transmit  myusart_fcs.o
    0x08009b1c   0x08009b1c   0x00000054   Code   RO         2101    i.USART2_DMA_Transmit_Init  myusart_fcs.o
    0x08009b70   0x08009b70   0x0000000c   Code   RO         2102    i.USART5_Transmit_Init  myusart_fcs.o
    0x08009b7c   0x08009b7c   0x00000002   Code   RO         1311    i.UsageFault_Handler  stm32f1xx_it.o
    0x08009b7e   0x08009b7e   0x00000002   PAD
    0x08009b80   0x08009b80   0x0000021c   Code   RO         1775    i.VendotekMenuImplementation  mymainfcs.o
    0x08009d9c   0x08009d9c   0x000005dc   Code   RO         2465    i.VendotekParsing   myvendotek.o
    0x0800a378   0x0800a378   0x000000a0   Code   RO         2187    i.WH1602Init        mywh1602.o
    0x0800a418   0x0800a418   0x00000044   Code   RO         2188    i.WH1602SendByte    mywh1602.o
    0x0800a45c   0x0800a45c   0x0000000a   Code   RO         2189    i.WH1602_ClearDisplay  mywh1602.o
    0x0800a466   0x0800a466   0x00000002   PAD
    0x0800a468   0x0800a468   0x000001c4   Code   RO         2190    i.WH1602_CodingSheme1  mywh1602.o
    0x0800a62c   0x0800a62c   0x00000022   Code   RO         2192    i.WH1602_DisplayOnOff  mywh1602.o
    0x0800a64e   0x0800a64e   0x0000001a   Code   RO         2193    i.WH1602_EntryModeSet  mywh1602.o
    0x0800a668   0x0800a668   0x00000018   Code   RO         2194    i.WH1602_FunctionSet  mywh1602.o
    0x0800a680   0x0800a680   0x0000005c   Code   RO         2195    i.WH1602_Print      mywh1602.o
    0x0800a6dc   0x0800a6dc   0x0000004c   Code   RO         2196    i.WH1602_Print2     mywh1602.o
    0x0800a728   0x0800a728   0x0000000c   Code   RO         2197    i.WH1602_SetDDRAM_Address  mywh1602.o
    0x0800a734   0x0800a734   0x000007d4   Code   RO         1947    i.Welcom            mymatrix.o
    0x0800af08   0x0800af08   0x00000028   Code   RO         5589    i.__0sprintf$8      mc_w.l(printf8.o)
    0x0800af30   0x0800af30   0x0000000e   Code   RO         5723    i.__scatterload_copy  mc_w.l(handlers.o)
    0x0800af3e   0x0800af3e   0x00000002   Code   RO         5724    i.__scatterload_null  mc_w.l(handlers.o)
    0x0800af40   0x0800af40   0x0000000e   Code   RO         5725    i.__scatterload_zeroinit  mc_w.l(handlers.o)
    0x0800af4e   0x0800af4e   0x00000002   PAD
    0x0800af50   0x0800af50   0x00000404   Code   RO         5594    i._printf_core      mc_w.l(printf8.o)
    0x0800b354   0x0800b354   0x00000024   Code   RO         5595    i._printf_post_padding  mc_w.l(printf8.o)
    0x0800b378   0x0800b378   0x0000002e   Code   RO         5596    i._printf_pre_padding  mc_w.l(printf8.o)
    0x0800b3a6   0x0800b3a6   0x0000000a   Code   RO         5598    i._sputc            mc_w.l(printf8.o)
    0x0800b3b0   0x0800b3b0   0x00000050   Code   RO         5641    i.free              mc_w.l(malloc.o)
    0x0800b400   0x0800b400   0x00000012   Code   RO         1639    i.htonl             mycommon_fcs.o
    0x0800b412   0x0800b412   0x00000002   PAD
    0x0800b414   0x0800b414   0x00000130   Code   RO         1464    i.main              main.o
    0x0800b544   0x0800b544   0x0000000c   Code   RO          703    i.makeFreeRtosPriority  cmsis_os.o
    0x0800b550   0x0800b550   0x0000006c   Code   RO         5642    i.malloc            mc_w.l(malloc.o)
    0x0800b5bc   0x0800b5bc   0x0000000e   Code   RO          705    i.osDelay           cmsis_os.o
    0x0800b5ca   0x0800b5ca   0x0000000a   Code   RO          708    i.osKernelStart     cmsis_os.o
    0x0800b5d4   0x0800b5d4   0x00000014   Code   RO          741    i.osSystickHandler  cmsis_os.o
    0x0800b5e8   0x0800b5e8   0x0000002e   Code   RO          742    i.osThreadCreate    cmsis_os.o
    0x0800b616   0x0800b616   0x00000002   PAD
    0x0800b618   0x0800b618   0x00000070   Code   RO          313    i.prvAddCurrentTaskToDelayedList  tasks.o
    0x0800b688   0x0800b688   0x000000d0   Code   RO          314    i.prvAddNewTaskToReadyList  tasks.o
    0x0800b758   0x0800b758   0x00000050   Code   RO          315    i.prvCheckTasksWaitingTermination  tasks.o
    0x0800b7a8   0x0800b7a8   0x00000014   Code   RO          316    i.prvDeleteTCB      tasks.o
    0x0800b7bc   0x0800b7bc   0x00000028   Code   RO          317    i.prvIdleTask       tasks.o
    0x0800b7e4   0x0800b7e4   0x0000008e   Code   RO          318    i.prvInitialiseNewTask  tasks.o
    0x0800b872   0x0800b872   0x00000002   PAD
    0x0800b874   0x0800b874   0x00000020   Code   RO          319    i.prvResetNextTaskUnblockTime  tasks.o
    0x0800b894   0x0800b894   0x00000028   Code   RO          623    i.prvTaskExitError  port.o
    0x0800b8bc   0x0800b8bc   0x0000004c   Code   RO         1115    i.pvPortMalloc      heap_1.o
    0x0800b908   0x0800b908   0x00000024   Code   RO          624    i.pxPortInitialiseStack  port.o
    0x0800b92c   0x0800b92c   0x000000cc   Code   RO         2599    i.unixtime_to_datetime  myrtc.o
    0x0800b9f8   0x0800b9f8   0x00000024   Code   RO         1079    i.uxListRemove      list.o
    0x0800ba1c   0x0800ba1c   0x00000016   Code   RO         1080    i.vListInitialise   list.o
    0x0800ba32   0x0800ba32   0x00000006   Code   RO         1081    i.vListInitialiseItem  list.o
    0x0800ba38   0x0800ba38   0x00000030   Code   RO         1082    i.vListInsert       list.o
    0x0800ba68   0x0800ba68   0x00000018   Code   RO         1083    i.vListInsertEnd    list.o
    0x0800ba80   0x0800ba80   0x00000040   Code   RO          626    i.vPortEnterCritical  port.o
    0x0800bac0   0x0800bac0   0x00000028   Code   RO          627    i.vPortExitCritical  port.o
    0x0800bae8   0x0800bae8   0x00000016   Code   RO         1116    i.vPortFree         heap_1.o
    0x0800bafe   0x0800bafe   0x00000002   PAD
    0x0800bb00   0x0800bb00   0x00000020   Code   RO          628    i.vPortSetupTimerInterrupt  port.o
    0x0800bb20   0x0800bb20   0x0000004c   Code   RO          327    i.vTaskDelay        tasks.o
    0x0800bb6c   0x0800bb6c   0x00000068   Code   RO          338    i.vTaskStartScheduler  tasks.o
    0x0800bbd4   0x0800bbd4   0x00000010   Code   RO          340    i.vTaskSuspendAll   tasks.o
    0x0800bbe4   0x0800bbe4   0x0000005c   Code   RO          341    i.vTaskSwitchContext  tasks.o
    0x0800bc40   0x0800bc40   0x00000074   Code   RO          630    i.xPortStartScheduler  port.o
    0x0800bcb4   0x0800bcb4   0x0000002c   Code   RO          631    i.xPortSysTickHandler  port.o
    0x0800bce0   0x0800bce0   0x00000056   Code   RO          343    i.xTaskCreate       tasks.o
    0x0800bd36   0x0800bd36   0x00000002   PAD
    0x0800bd38   0x0800bd38   0x0000001c   Code   RO          347    i.xTaskGetSchedulerState  tasks.o
    0x0800bd54   0x0800bd54   0x000000c8   Code   RO          350    i.xTaskIncrementTick  tasks.o
    0x0800be1c   0x0800be1c   0x000000c4   Code   RO          356    i.xTaskResumeAll    tasks.o
    0x0800bee0   0x0800bee0   0x00000010   Data   RO            6    .constdata          system_stm32f1xx.o
    0x0800bef0   0x0800bef0   0x00000008   Data   RO            7    .constdata          system_stm32f1xx.o
    0x0800bef8   0x0800bef8   0x00000050   Data   RO         1470    .constdata          main.o
    0x0800bf48   0x0800bf48   0x00000060   Data   RO         1948    .constdata          mymatrix.o
    0x0800bfa8   0x0800bfa8   0x00000010   Data   RO         2304    .constdata          rc522.o
    0x0800bfb8   0x0800bfb8   0x00000030   Data   RO         2600    .constdata          myrtc.o
    0x0800bfe8   0x0800bfe8   0x00000030   Data   RO         1471    .conststring        main.o
    0x0800c018   0x0800c018   0x00000020   Data   RO         5721    Region$$Table       anon$$obj.o


    Execution Region RW_IRAM1 (Exec base: 0x20000000, Load base: 0x0800c038, Size: 0x00003648, Max: 0x0000c000, ABSOLUTE, COMPRESSED[0x0000042c])

    Exec Addr    Load Addr    Size         Type   Attr      Idx    E Section Name        Object

    0x20000000   COMPRESSED   0x00000004   Data   RW            8    .data               system_stm32f1xx.o
    0x20000004   COMPRESSED   0x0000003c   Data   RW          359    .data               tasks.o
    0x20000040   COMPRESSED   0x0000000c   Data   RW          632    .data               port.o
    0x2000004c   COMPRESSED   0x00000008   Data   RW         1120    .data               heap_1.o
    0x20000054   COMPRESSED   0x00000002   Data   RW         1312    .data               stm32f1xx_it.o
    0x20000056   COMPRESSED   0x00000002   PAD
    0x20000058   COMPRESSED   0x000001c0   Data   RW         1472    .data               main.o
    0x20000218   COMPRESSED   0x00000004   Data   RW         1473    .data               main.o
    0x2000021c   COMPRESSED   0x00000004   Data   RW         1474    .data               main.o
    0x20000220   COMPRESSED   0x00000004   Data   RW         1475    .data               main.o
    0x20000224   COMPRESSED   0x00000004   Data   RW         1476    .data               main.o
    0x20000228   COMPRESSED   0x00000004   Data   RW         1477    .data               main.o
    0x2000022c   COMPRESSED   0x00000001   Data   RW         1478    .data               main.o
    0x2000022d   COMPRESSED   0x00000001   Data   RW         1479    .data               main.o
    0x2000022e   COMPRESSED   0x00000001   Data   RW         1480    .data               main.o
    0x2000022f   COMPRESSED   0x00000001   Data   RW         1481    .data               main.o
    0x20000230   COMPRESSED   0x00000001   Data   RW         1482    .data               main.o
    0x20000231   COMPRESSED   0x00000001   Data   RW         1483    .data               main.o
    0x20000232   COMPRESSED   0x00000001   Data   RW         1484    .data               main.o
    0x20000233   COMPRESSED   0x00000001   Data   RW         1485    .data               main.o
    0x20000234   COMPRESSED   0x00000001   Data   RW         1486    .data               main.o
    0x20000235   COMPRESSED   0x00000001   Data   RW         1487    .data               main.o
    0x20000236   COMPRESSED   0x00000001   Data   RW         1488    .data               main.o
    0x20000237   COMPRESSED   0x00000001   Data   RW         1489    .data               main.o
    0x20000238   COMPRESSED   0x00000001   Data   RW         1490    .data               main.o
    0x20000239   COMPRESSED   0x00000001   Data   RW         1491    .data               main.o
    0x2000023a   COMPRESSED   0x00000001   Data   RW         1492    .data               main.o
    0x2000023b   COMPRESSED   0x00000001   Data   RW         1493    .data               main.o
    0x2000023c   COMPRESSED   0x00000001   Data   RW         1494    .data               main.o
    0x2000023d   COMPRESSED   0x00000003   PAD
    0x20000240   COMPRESSED   0x00000004   Data   RW         1495    .data               main.o
    0x20000244   COMPRESSED   0x00000040   Data   RW         1496    .data               main.o
    0x20000284   COMPRESSED   0x00000110   Data   RW         1497    .data               main.o
    0x20000394   COMPRESSED   0x00000004   Data   RW         1498    .data               main.o
    0x20000398   COMPRESSED   0x00000004   Data   RW         1499    .data               main.o
    0x2000039c   COMPRESSED   0x00000001   Data   RW         1500    .data               main.o
    0x2000039d   COMPRESSED   0x00000050   Data   RW         1501    .data               main.o
    0x200003ed   COMPRESSED   0x00000001   Data   RW         1504    .data               main.o
    0x200003ee   COMPRESSED   0x00000002   PAD
    0x200003f0   COMPRESSED   0x00000004   Data   RW         1505    .data               main.o
    0x200003f4   COMPRESSED   0x00000004   Data   RW         1506    .data               main.o
    0x200003f8   COMPRESSED   0x000000c0   Data   RW         1509    .data               main.o
    0x200004b8   COMPRESSED   0x00000004   Data   RW         1511    .data               main.o
    0x200004bc   COMPRESSED   0x00000040   Data   RW         1512    .data               main.o
    0x200004fc   COMPRESSED   0x00000090   Data   RW         1517    .data               main.o
    0x2000058c   COMPRESSED   0x00000001   Data   RW         1518    .data               main.o
    0x2000058d   COMPRESSED   0x00000001   Data   RW         1519    .data               main.o
    0x2000058e   COMPRESSED   0x00000001   Data   RW         1520    .data               main.o
    0x2000058f   COMPRESSED   0x00000001   Data   RW         1521    .data               main.o
    0x20000590   COMPRESSED   0x00000001   Data   RW         1522    .data               main.o
    0x20000591   COMPRESSED   0x00000003   PAD
    0x20000594   COMPRESSED   0x00000004   Data   RW         1523    .data               main.o
    0x20000598   COMPRESSED   0x000000d0   Data   RW         1777    .data               mymainfcs.o
    0x20000668   COMPRESSED   0x000002c4   Data   RW         1949    .data               mymatrix.o
    0x2000092c   COMPRESSED   0x00000001   Data   RW         2198    .data               mywh1602.o
    0x2000092d   COMPRESSED   0x00000003   PAD
    0x20000930   COMPRESSED   0x00000004   Data   RW         2466    .data               myvendotek.o
    0x20000934   COMPRESSED   0x00000004   PAD
    0x20000938   COMPRESSED   0x00000221   Data   RW         2467    .data               myvendotek.o
    0x20000b59   COMPRESSED   0x00000003   PAD
    0x20000b5c   COMPRESSED   0x0000000c   Data   RW         2984    .data               stm32f1xx_hal.o
    0x20000b68   COMPRESSED   0x00000004   Data   RW         5702    .data               mc_w.l(mvars.o)
    0x20000b6c   COMPRESSED   0x00000004   Data   RW         5703    .data               mc_w.l(mvars.o)
    0x20000b70        -       0x000000f0   Zero   RW          358    .bss                tasks.o
    0x20000c60        -       0x00001400   Zero   RW         1119    .bss                heap_1.o
    0x20002060        -       0x00000040   Zero   RW         1418    .bss                stm32f1xx_hal_timebase_tim.o
    0x200020a0        -       0x00000bec   Zero   RW         1465    .bss                main.o
    0x20002c8c        -       0x00000032   Zero   RW         1466    .bss                main.o
    0x20002cbe        -       0x0000012c   Zero   RW         1467    .bss                main.o
    0x20002dea   COMPRESSED   0x00000002   PAD
    0x20002dec        -       0x00000018   Zero   RW         1469    .bss                main.o
    0x20002e04        -       0x00000024   Zero   RW         1776    .bss                mymainfcs.o
    0x20002e28        -       0x00000020   Zero   RW         3134    .bss                stm32f1xx_hal_flash.o
    0x20002e48        -       0x00000300   Zero   RW          129    HEAP                startup_stm32f103xe.o
    0x20003148        -       0x00000500   Zero   RW          128    STACK               startup_stm32f103xe.o


==============================================================================

Image component sizes


      Code (inc. data)   RO Data    RW Data    ZI Data      Debug   Object Name

       102          0          0          0          0      14820   cmsis_os.o
         0          0          0          0          0       8000   croutine.o
        98          8          0          8       5120       4767   heap_1.o
       136          0          0          0          0       3210   list.o
      2468        174        128       1336       3426      23643   main.o
       334         22          0          0          0       2545   mycommon_fcs.o
     14456       1448          0        208         36      29002   mymainfcs.o
     10002       1478         96        708          0      27834   mymatrix.o
       476         24         48          0          0       3078   myrtc.o
       100         26          0          0          0      22572   myspi.o
      1054        136          0          0          0       7116   myusart_fcs.o
      3504        166          0        549          0      18951   myvendotek.o
       994         86          0          1          0       7206   mywh1602.o
       522         62          0         12          0       9880   port.o
         0          0          0          0          0      14104   queue.o
      4164        724         16          0          0      15717   rc522.o
        36          8        304          0       2048        740   startup_stm32f103xe.o
        64         14          0         12          0       2434   stm32f1xx_hal.o
       218         14          0          0          0      26141   stm32f1xx_hal_cortex.o
       392         46          0          0         32       4490   stm32f1xx_hal_flash.o
       516         42          0          0          0       3940   stm32f1xx_hal_gpio.o
       516         66          0          0          0       2833   stm32f1xx_hal_msp.o
        12          4          0          0          0        483   stm32f1xx_hal_pwr.o
      1368        116          0          0          0       6057   stm32f1xx_hal_rcc.o
       452         50          0          0          0       2477   stm32f1xx_hal_rcc_ex.o
       324          6          0          0          0       3556   stm32f1xx_hal_rtc.o
       654          0          0          0          0       3494   stm32f1xx_hal_spi.o
       130          0          0          0          0       1007   stm32f1xx_hal_spi_ex.o
       586         20          0          0          0       6458   stm32f1xx_hal_tim.o
         4          0          0          0          0       1466   stm32f1xx_hal_tim_ex.o
       116         16          0          0         64       1360   stm32f1xx_hal_timebase_tim.o
       466          4          0          0          0       1812   stm32f1xx_hal_uart.o
       536         76          0          2          0      20200   stm32f1xx_it.o
        72         16         24          4          0     491515   system_stm32f1xx.o
      1432        122          0         60        240      17527   tasks.o

    ----------------------------------------------------------------------
     46342       4974        648       2920      10968     810435   Object Totals
         0          0         32          0          0          0   (incl. Generated)
        38          0          0         20          2          0   (incl. Padding)

    ----------------------------------------------------------------------

      Code (inc. data)   RO Data    RW Data    ZI Data      Debug   Library Member Name

        94          0          0          0          0          0   __dclz77c.o
         0          0          0          0          0          0   entry.o
         0          0          0          0          0          0   entry10a.o
         0          0          0          0          0          0   entry11a.o
         4          0          0          0          0          0   entry12b.o
         8          4          0          0          0          0   entry2.o
         4          0          0          0          0          0   entry5.o
         0          0          0          0          0          0   entry7b.o
         0          0          0          0          0          0   entry8b.o
         8          4          0          0          0          0   entry9a.o
        30          0          0          0          0          0   handlers.o
        36          8          0          0          0         68   init.o
         0          0          0          0          0          0   iusefp.o
        30          0          0          0          0         68   llshl.o
        32          0          0          0          0         68   llushr.o
       188         20          0          0          0        160   malloc.o
        36          0          0          0          0         68   memcpya.o
         0          0          0          8          0          0   mvars.o
      1160         50          0          0          0        420   printf8.o
        98          0          0          0          0         92   uldiv.o
        48          0          0          0          0         68   cdrcmple.o
       186          0          0          0          0        176   depilogue.o
        26          0          0          0          0         76   dfltui.o
       228          0          0          0          0         96   dmul.o

    ----------------------------------------------------------------------
      2218         86          0          8          0       1360   Library Totals
         2          0          0          0          0          0   (incl. Padding)

    ----------------------------------------------------------------------

      Code (inc. data)   RO Data    RW Data    ZI Data      Debug   Library Name

      1728         86          0          8          0        944   mc_w.l
       488          0          0          0          0        416   mf_w.l

    ----------------------------------------------------------------------
      2218         86          0          8          0       1360   Library Totals

    ----------------------------------------------------------------------

==============================================================================


      Code (inc. data)   RO Data    RW Data    ZI Data      Debug   

     48560       5060        648       2928      10968     799755   Grand Totals
     48560       5060        648       1068      10968     799755   ELF Image Totals (compressed)
     48560       5060        648       1068          0          0   ROM Totals

==============================================================================

    Total RO  Size (Code + RO Data)                49208 (  48.05kB)
    Total RW  Size (RW Data + ZI Data)             13896 (  13.57kB)
    Total ROM Size (Code + RO Data + RW Data)      50276 (  49.10kB)

==============================================================================

